Archive member included to satisfy reference by file (symbol)

../StdPeriphDriver\libISP583.a(ISP583.o)
                              ./StdPeriphDriver/CH58x_flash.o (FLASH_EEPROM_CMD)
d:/mounriver/mounriver_studio/toolchain/risc-v embedded gcc/bin/../lib/gcc/riscv-none-embed/8.2.0/../../../../riscv-none-embed/lib/rv32imac/ilp32\libm.a(lib_a-w_log.o)
                              ./HAL/temp.o (log)
d:/mounriver/mounriver_studio/toolchain/risc-v embedded gcc/bin/../lib/gcc/riscv-none-embed/8.2.0/../../../../riscv-none-embed/lib/rv32imac/ilp32\libm.a(lib_a-e_log.o)
                              d:/mounriver/mounriver_studio/toolchain/risc-v embedded gcc/bin/../lib/gcc/riscv-none-embed/8.2.0/../../../../riscv-none-embed/lib/rv32imac/ilp32\libm.a(lib_a-w_log.o) (__ieee754_log)
d:/mounriver/mounriver_studio/toolchain/risc-v embedded gcc/bin/../lib/gcc/riscv-none-embed/8.2.0/../../../../riscv-none-embed/lib/rv32imac/ilp32\libm.a(lib_a-s_lib_ver.o)
                              d:/mounriver/mounriver_studio/toolchain/risc-v embedded gcc/bin/../lib/gcc/riscv-none-embed/8.2.0/../../../../riscv-none-embed/lib/rv32imac/ilp32\libm.a(lib_a-w_log.o) (__fdlib_version)
d:/mounriver/mounriver_studio/toolchain/risc-v embedded gcc/bin/../lib/gcc/riscv-none-embed/8.2.0/../../../../riscv-none-embed/lib/rv32imac/ilp32\libm.a(lib_a-s_matherr.o)
                              d:/mounriver/mounriver_studio/toolchain/risc-v embedded gcc/bin/../lib/gcc/riscv-none-embed/8.2.0/../../../../riscv-none-embed/lib/rv32imac/ilp32\libm.a(lib_a-w_log.o) (matherr)
d:/mounriver/mounriver_studio/toolchain/risc-v embedded gcc/bin/../lib/gcc/riscv-none-embed/8.2.0/../../../../riscv-none-embed/lib/rv32imac/ilp32\libm.a(lib_a-s_nan.o)
                              d:/mounriver/mounriver_studio/toolchain/risc-v embedded gcc/bin/../lib/gcc/riscv-none-embed/8.2.0/../../../../riscv-none-embed/lib/rv32imac/ilp32\libm.a(lib_a-w_log.o) (nan)
d:/mounriver/mounriver_studio/toolchain/risc-v embedded gcc/bin/../lib/gcc/riscv-none-embed/8.2.0/rv32imac/ilp32\libgcc.a(adddf3.o)
                              ./HAL/temp.o (__adddf3)
d:/mounriver/mounriver_studio/toolchain/risc-v embedded gcc/bin/../lib/gcc/riscv-none-embed/8.2.0/rv32imac/ilp32\libgcc.a(divdf3.o)
                              ./HAL/temp.o (__divdf3)
d:/mounriver/mounriver_studio/toolchain/risc-v embedded gcc/bin/../lib/gcc/riscv-none-embed/8.2.0/rv32imac/ilp32\libgcc.a(eqdf2.o)
                              d:/mounriver/mounriver_studio/toolchain/risc-v embedded gcc/bin/../lib/gcc/riscv-none-embed/8.2.0/../../../../riscv-none-embed/lib/rv32imac/ilp32\libm.a(lib_a-w_log.o) (__eqdf2)
d:/mounriver/mounriver_studio/toolchain/risc-v embedded gcc/bin/../lib/gcc/riscv-none-embed/8.2.0/rv32imac/ilp32\libgcc.a(gedf2.o)
                              d:/mounriver/mounriver_studio/toolchain/risc-v embedded gcc/bin/../lib/gcc/riscv-none-embed/8.2.0/../../../../riscv-none-embed/lib/rv32imac/ilp32\libm.a(lib_a-w_log.o) (__gtdf2)
d:/mounriver/mounriver_studio/toolchain/risc-v embedded gcc/bin/../lib/gcc/riscv-none-embed/8.2.0/rv32imac/ilp32\libgcc.a(muldf3.o)
                              ./HAL/temp.o (__muldf3)
d:/mounriver/mounriver_studio/toolchain/risc-v embedded gcc/bin/../lib/gcc/riscv-none-embed/8.2.0/rv32imac/ilp32\libgcc.a(subdf3.o)
                              ./HAL/temp.o (__subdf3)
d:/mounriver/mounriver_studio/toolchain/risc-v embedded gcc/bin/../lib/gcc/riscv-none-embed/8.2.0/rv32imac/ilp32\libgcc.a(unorddf2.o)
                              d:/mounriver/mounriver_studio/toolchain/risc-v embedded gcc/bin/../lib/gcc/riscv-none-embed/8.2.0/../../../../riscv-none-embed/lib/rv32imac/ilp32\libm.a(lib_a-w_log.o) (__unorddf2)
d:/mounriver/mounriver_studio/toolchain/risc-v embedded gcc/bin/../lib/gcc/riscv-none-embed/8.2.0/rv32imac/ilp32\libgcc.a(fixdfsi.o)
                              ./HAL/temp.o (__fixdfsi)
d:/mounriver/mounriver_studio/toolchain/risc-v embedded gcc/bin/../lib/gcc/riscv-none-embed/8.2.0/rv32imac/ilp32\libgcc.a(floatsidf.o)
                              ./HAL/temp.o (__floatsidf)
d:/mounriver/mounriver_studio/toolchain/risc-v embedded gcc/bin/../lib/gcc/riscv-none-embed/8.2.0/rv32imac/ilp32\libgcc.a(fixsfsi.o)
                              ./APP/lcd.o (__fixsfsi)
d:/mounriver/mounriver_studio/toolchain/risc-v embedded gcc/bin/../lib/gcc/riscv-none-embed/8.2.0/rv32imac/ilp32\libgcc.a(floatsisf.o)
                              ./APP/lcd.o (__floatsisf)
d:/mounriver/mounriver_studio/toolchain/risc-v embedded gcc/bin/../lib/gcc/riscv-none-embed/8.2.0/rv32imac/ilp32\libgcc.a(extendsfdf2.o)
                              ./APP/lcd.o (__extendsfdf2)
d:/mounriver/mounriver_studio/toolchain/risc-v embedded gcc/bin/../lib/gcc/riscv-none-embed/8.2.0/rv32imac/ilp32\libgcc.a(truncdfsf2.o)
                              ./APP/lcd.o (__truncdfsf2)
[...]
Memory Configuration

Name             Origin             Length             Attributes
FLASH            0x0000000000001000 0x000000000003b000 xr
RAM              0x0000000020002000 0x0000000000006000 xrw
*default*        0x0000000000000000 0xffffffffffffffff

Linker script and memory map

LOAD ./StdPeriphDriver/CH58x_adc.o
LOAD ./StdPeriphDriver/CH58x_clk.o
LOAD ./StdPeriphDriver/CH58x_flash.o
LOAD ./StdPeriphDriver/CH58x_gpio.o
LOAD ./StdPeriphDriver/CH58x_i2c.o
LOAD ./StdPeriphDriver/CH58x_pwm.o
LOAD ./StdPeriphDriver/CH58x_pwr.o
LOAD ./StdPeriphDriver/CH58x_spi0.o
LOAD ./StdPeriphDriver/CH58x_spi1.o
LOAD ./StdPeriphDriver/CH58x_sys.o
LOAD ./StdPeriphDriver/CH58x_timer0.o
LOAD ./StdPeriphDriver/CH58x_timer1.o
LOAD ./StdPeriphDriver/CH58x_timer2.o
LOAD ./StdPeriphDriver/CH58x_timer3.o
LOAD ./StdPeriphDriver/CH58x_uart0.o
LOAD ./StdPeriphDriver/CH58x_uart1.o
LOAD ./StdPeriphDriver/CH58x_uart2.o
LOAD ./StdPeriphDriver/CH58x_uart3.o
LOAD ./StdPeriphDriver/CH58x_usb2dev.o
LOAD ./StdPeriphDriver/CH58x_usb2hostBase.o
LOAD ./StdPeriphDriver/CH58x_usb2hostClass.o
LOAD ./StdPeriphDriver/CH58x_usbdev.o
LOAD ./StdPeriphDriver/CH58x_usbhostBase.o
LOAD ./StdPeriphDriver/CH58x_usbhostClass.o
LOAD ./Startup/startup_CH583.o
LOAD ./RVMSIS/core_riscv.o
LOAD ./Profile/devinfoservice.o
LOAD ./Profile/gattprofile.o
LOAD ./HAL/EV3P035J.o
LOAD ./HAL/MCU.o
LOAD ./HAL/RTC.o
LOAD ./HAL/SLEEP.o
LOAD ./HAL/cmt2220ls.o
LOAD ./HAL/temp.o
LOAD ./HAL/tm1628a.o
LOAD ./HAL/uart1.o
LOAD ./APP/RF_PHY.o
LOAD ./APP/button.o
LOAD ./APP/date_time.o
LOAD ./APP/hp203b.o
LOAD ./APP/lcd.o
LOAD ./APP/multi_button.o
LOAD ./APP/multi_timer.o
LOAD ./APP/parameter.o
LOAD ./APP/peripheral.o
LOAD ./APP/peripheral_main.o
LOAD ./APP/ring_buffer.o
LOAD ./APP/ring_buffer_chapter.o
LOAD ./APP/running.o
LOAD ../StdPeriphDriver\libISP583.a
LOAD ../LIB\libCH58xBLE.a
LOAD d:/mounriver/mounriver_studio/toolchain/risc-v embedded gcc/bin/../lib/gcc/riscv-none-embed/8.2.0/../../../../riscv-none-embed/lib/rv32imac/ilp32\libm.a
LOAD d:/mounriver/mounriver_studio/toolchain/risc-v embedded gcc/bin/../lib/gcc/riscv-none-embed/8.2.0/rv32imac/ilp32\libgcc.a
LOAD d:/mounriver/mounriver_studio/toolchain/risc-v embedded gcc/bin/../lib/gcc/riscv-none-embed/8.2.0/../../../../riscv-none-embed/lib/rv32imac/ilp32\libg_nano.a
LOAD d:/mounriver/mounriver_studio/toolchain/risc-v embedded gcc/bin/../lib/gcc/riscv-none-embed/8.2.0/../../../../riscv-none-embed/lib/rv32imac/ilp32\libc_nano.a
LOAD d:/mounriver/mounriver_studio/toolchain/risc-v embedded gcc/bin/../lib/gcc/riscv-none-embed/8.2.0/rv32imac/ilp32\libgcc.a
START GROUP
LOAD d:/mounriver/mounriver_studio/toolchain/risc-v embedded gcc/bin/../lib/gcc/riscv-none-embed/8.2.0/rv32imac/ilp32\libgcc.a
LOAD d:/mounriver/mounriver_studio/toolchain/risc-v embedded gcc/bin/../lib/gcc/riscv-none-embed/8.2.0/../../../../riscv-none-embed/lib/rv32imac/ilp32\libc_nano.a
LOAD d:/mounriver/mounriver_studio/toolchain/risc-v embedded gcc/bin/../lib/gcc/riscv-none-embed/8.2.0/../../../../riscv-none-embed/lib/rv32imac/ilp32\libnosys.a
END GROUP
START GROUP
LOAD d:/mounriver/mounriver_studio/toolchain/risc-v embedded gcc/bin/../lib/gcc/riscv-none-embed/8.2.0/rv32imac/ilp32\libgcc.a
LOAD d:/mounriver/mounriver_studio/toolchain/risc-v embedded gcc/bin/../lib/gcc/riscv-none-embed/8.2.0/../../../../riscv-none-embed/lib/rv32imac/ilp32\libc_nano.a
LOAD d:/mounriver/mounriver_studio/toolchain/risc-v embedded gcc/bin/../lib/gcc/riscv-none-embed/8.2.0/../../../../riscv-none-embed/lib/rv32imac/ilp32\libnosys.a
END GROUP
                0x0000000000000200                __stack_size = 0x200
                [!provide]                        PROVIDE (_stack_size = __stack_size)
                0x0000000020002000                PROVIDE (__global_pointer$ = 0x20002000)

.init           0x0000000000001000        0x8
                0x0000000000001000                _sinit = .
                0x0000000000001000                . = ALIGN (0x4)
 *(SORT_NONE(.init))
 .init          0x0000000000001000        0x4 ./Startup/startup_CH583.o
                0x0000000000001000                _start
 *(.ImageFlag)
 .ImageFlag     0x0000000000001004        0x4 ./APP/peripheral_main.o
                0x0000000000001004                Image_Flag
 *(.ImageFlag.*)
                0x0000000000001008                . = ALIGN (0x4)
                0x0000000000001008                _einit = .

.highcodelalign
                0x0000000000001008        0x0
                0x0000000000001008                . = ALIGN (0x4)
                0x0000000000001008                PROVIDE (_highcode_lma = .)

.highcode       0x0000000020002000     0x1100 load address 0x0000000000001008
                0x0000000020002000                . = ALIGN (0x4)
                0x0000000020002000                PROVIDE (_highcode_vma_start = .)
 *(.vector)
 .vector        0x0000000020002000       0x90 ./Startup/startup_CH583.o
 *(SORT_NONE(.vector_handler))
 .vector_handler
                0x0000000020002090       0x36 ./Startup/startup_CH583.o
                0x0000000020002090                NMI_Handler
                0x0000000020002094                Ecall_M_Mode_Handler
                0x0000000020002096                Ecall_U_Mode_Handler
                0x0000000020002098                Break_Point_Handler
                0x000000002000209a                SysTick_Handler
                0x000000002000209c                SW_Handler
                0x00000000200020a0                GPIOA_IRQHandler
                0x00000000200020a2                GPIOB_IRQHandler
                0x00000000200020a4                SPI0_IRQHandler
                0x00000000200020a6                BB_IRQHandler
                0x00000000200020a8                LLE_IRQHandler
                0x00000000200020aa                USB_IRQHandler
                0x00000000200020ac                USB2_IRQHandler
                0x00000000200020b0                TMR2_IRQHandler
                0x00000000200020b2                UART0_IRQHandler
                0x00000000200020b8                ADC_IRQHandler
                0x00000000200020ba                I2C_IRQHandler
                0x00000000200020bc                PWMX_IRQHandler
                0x00000000200020be                TMR3_IRQHandler
                0x00000000200020c0                UART2_IRQHandler
                0x00000000200020c2                UART3_IRQHandler
                0x00000000200020c4                WDOG_BAT_IRQHandler
 *(.highcode)
 .highcode      0x00000000200020c6      0x558 ./StdPeriphDriver/CH58x_sys.o
                0x00000000200020c6                SetSysClock
                0x0000000020002494                SYS_ResetExecute
                0x0000000020002514                HardFault_Handler
                0x00000000200025e8                mDelayuS
                0x00000000200025f6                mDelaymS
 .highcode      0x000000002000261e       0x1a ./HAL/RTC.o
                0x000000002000261e                RTC_IRQHandler
 .highcode      0x0000000020002638       0x26 ./HAL/cmt2220ls.o
                0x0000000020002638                TMR1_IRQHandler
 .highcode      0x000000002000265e      0x30a ./HAL/temp.o
                0x000000002000265e                AdcPolling
                0x0000000020002774                VccPolling
                0x00000000200027b0                get_CabTemp
 .highcode      0x0000000020002968      0x26e ./HAL/uart1.o
                0x0000000020002968                UART1_IRQHandler
 .highcode      0x0000000020002bd6       0x26 ./APP/button.o
                0x0000000020002bd6                TMR0_IRQHandler
 .highcode      0x0000000020002bfc       0xde ./APP/peripheral_main.o
                0x0000000020002bfc                Main_Circulation
 .highcode      0x0000000020002cda      0x426 ../StdPeriphDriver\libISP583.a(ISP583.o)
                0x0000000020002cda                FLASH_ROM_BEG
                0x0000000020002cec                FLASH_ROM_END
                0x0000000020002cfa                FLASH_ROM_IN
                0x0000000020002d08                FLASH_ROM_OUT
                0x0000000020002d16                FLASH_ROM_ADDR
                0x0000000020002d5e                FLASH_ROM_WAIT
                0x0000000020002d96                FLASH_EEPROM_CMD
 *(.highcode.*)
                0x0000000020003100                . = ALIGN (0x4)
                0x0000000020003100                PROVIDE (_highcode_vma_end = .)

.text           0x0000000000002108     0xde70
                0x0000000000002108                . = ALIGN (0x4)
 *(SORT_NONE(.handle_reset))
 .handle_reset  0x0000000000002108       0xc2 ./Startup/startup_CH583.o
                0x0000000000002108                handle_reset
 *(.text)
 .text          0x00000000000021ca       0xa8 d:/mounriver/mounriver_studio/toolchain/risc-v embedded gcc/bin/../lib/gcc/riscv-none-embed/8.2.0/../../../../riscv-none-embed/lib/rv32imac/ilp32\libg_nano.a(lib_a-memset.o)
                0x00000000000021ca                memset
 .text          0x0000000000002272      0x11e d:/mounriver/mounriver_studio/toolchain/risc-v embedded gcc/bin/../lib/gcc/riscv-none-embed/8.2.0/../../../../riscv-none-embed/lib/rv32imac/ilp32\libg_nano.a(lib_a-strcmp.o)
                0x0000000000002272                strcmp
 *(.text.*)
 .text.ADC_DataCalib_Rough
                0x0000000000002390       0x8e ./StdPeriphDriver/CH58x_adc.o
                0x0000000000002390                ADC_DataCalib_Rough
 .text.ADC_ExtSingleChSampInit
                0x000000000000241e       0x24 ./StdPeriphDriver/CH58x_adc.o
                0x000000000000241e                ADC_ExtSingleChSampInit
 .text.ADC_InterTSSampInit
                0x0000000000002442       0x28 ./StdPeriphDriver/CH58x_adc.o
                0x0000000000002442                ADC_InterTSSampInit
 .text.ADC_ExcutSingleConver
                0x000000000000246a       0x20 ./StdPeriphDriver/CH58x_adc.o
                0x000000000000246a                ADC_ExcutSingleConver
 .text.HSECFG_Capacitance
                0x000000000000248a       0x78 ./StdPeriphDriver/CH58x_clk.o
                0x000000000000248a                HSECFG_Capacitance
 .text.RTC_InitTime
                0x0000000000002502      0x218 ./StdPeriphDriver/CH58x_clk.o
                0x0000000000002502                RTC_InitTime
 .text.RTC_GetTime
                0x000000000000271a      0x15c ./StdPeriphDriver/CH58x_clk.o
                0x000000000000271a                RTC_GetTime
 .text.RTC_GetCycle32k
                0x0000000000002876       0x18 ./StdPeriphDriver/CH58x_clk.o
                0x0000000000002876                RTC_GetCycle32k
 .text.GPIOA_ModeCfg
                0x000000000000288e       0xa6 ./StdPeriphDriver/CH58x_gpio.o
                0x000000000000288e                GPIOA_ModeCfg
 .text.GPIOB_ModeCfg
                0x0000000000002934       0xa6 ./StdPeriphDriver/CH58x_gpio.o
                0x0000000000002934                GPIOB_ModeCfg
 .text.PWR_DCDCCfg
                0x00000000000029da      0x154 ./StdPeriphDriver/CH58x_pwr.o
                0x00000000000029da                PWR_DCDCCfg
 .text.GetSysClock
                0x0000000000002b2e       0x42 ./StdPeriphDriver/CH58x_sys.o
                0x0000000000002b2e                GetSysClock
 .text.SYS_GetSysTickCnt
                0x0000000000002b70        0xa ./StdPeriphDriver/CH58x_sys.o
                0x0000000000002b70                SYS_GetSysTickCnt
 .text.WWDG_ResetCfg
                0x0000000000002b7a       0x7a ./StdPeriphDriver/CH58x_sys.o
                0x0000000000002b7a                WWDG_ResetCfg
 .text.WWDG_ClearFlag
                0x0000000000002bf4       0x6c ./StdPeriphDriver/CH58x_sys.o
                0x0000000000002bf4                WWDG_ClearFlag
 .text.TMR0_TimerInit
                0x0000000000002c60       0x14 ./StdPeriphDriver/CH58x_timer0.o
                0x0000000000002c60                TMR0_TimerInit
 .text.TMR1_TimerInit
                0x0000000000002c74       0x16 ./StdPeriphDriver/CH58x_timer1.o
                0x0000000000002c74                TMR1_TimerInit
 .text.UART1_BaudRateCfg
                0x0000000000002c8a       0x30 ./StdPeriphDriver/CH58x_uart1.o
                0x0000000000002c8a                UART1_BaudRateCfg
 .text.UART1_DefInit
                0x0000000000002cba       0x32 ./StdPeriphDriver/CH58x_uart1.o
                0x0000000000002cba                UART1_DefInit
 .text.UART1_ByteTrigCfg
                0x0000000000002cec       0x1a ./StdPeriphDriver/CH58x_uart1.o
                0x0000000000002cec                UART1_ByteTrigCfg
 .text.UART1_INTCfg
                0x0000000000002d06       0x2a ./StdPeriphDriver/CH58x_uart1.o
                0x0000000000002d06                UART1_INTCfg
 .text.UART1_SendString
                0x0000000000002d30       0x28 ./StdPeriphDriver/CH58x_uart1.o
                0x0000000000002d30                UART1_SendString
 .text.UART1_RecvString
                0x0000000000002d58       0x2a ./StdPeriphDriver/CH58x_uart1.o
                0x0000000000002d58                UART1_RecvString
 .text.devInfo_ReadAttrCB
                0x0000000000002d82      0x1ce ./Profile/devinfoservice.o
 .text.DevInfo_AddService
                0x0000000000002f50       0x1e ./Profile/devinfoservice.o
                0x0000000000002f50                DevInfo_AddService
 .text.simpleProfile_ReadAttrCB
                0x0000000000002f6e       0xba ./Profile/gattprofile.o
 .text.simpleProfile_WriteAttrCB
                0x0000000000003028       0xdc ./Profile/gattprofile.o
 .text.simpleProfile_HandleConnStatusCB
                0x0000000000003104       0x64 ./Profile/gattprofile.o
 .text.SimpleProfile_AddService
                0x0000000000003168       0x7a ./Profile/gattprofile.o
                0x0000000000003168                SimpleProfile_AddService
 .text.SimpleProfile_RegisterAppCBs
                0x00000000000031e2       0x12 ./Profile/gattprofile.o
                0x00000000000031e2                SimpleProfile_RegisterAppCBs
 .text.SimpleProfile_SetParameter
                0x00000000000031f4       0xb2 ./Profile/gattprofile.o
                0x00000000000031f4                SimpleProfile_SetParameter
 .text.simpleProfile_Notify_char1
                0x00000000000032a6       0x58 ./Profile/gattprofile.o
                0x00000000000032a6                simpleProfile_Notify_char1
 .text.vEV3P035JInit
                0x00000000000032fe       0x56 ./HAL/EV3P035J.o
                0x00000000000032fe                vEV3P035JInit
 .text.vEV3P035JPlay
                0x0000000000003354       0xbe ./HAL/EV3P035J.o
                0x0000000000003354                vEV3P035JPlay
 .text.Lib_Read_Flash
                0x0000000000003412       0x1c ./HAL/MCU.o
                0x0000000000003412                Lib_Read_Flash
 .text.Lib_Write_Flash
                0x000000000000342e       0x40 ./HAL/MCU.o
                0x000000000000342e                Lib_Write_Flash
 .text.HAL_GetInterTempValue
                0x000000000000346e       0x72 ./HAL/MCU.o
                0x000000000000346e                HAL_GetInterTempValue
 .text.HAL_ProcessEvent
                0x00000000000034e0      0x208 ./HAL/MCU.o
                0x00000000000034e0                HAL_ProcessEvent
 .text.CH58X_BLEInit
                0x00000000000036e8      0x106 ./HAL/MCU.o
                0x00000000000036e8                CH58X_BLEInit
 .text.HAL_Init
                0x00000000000037ee       0x96 ./HAL/MCU.o
                0x00000000000037ee                HAL_Init
 .text.HAL_TimeInit
                0x0000000000003884       0x90 ./HAL/RTC.o
                0x0000000000003884                HAL_TimeInit
 .text.vHAL_CMT2220INIT
                0x0000000000003914       0x46 ./HAL/cmt2220ls.o
                0x0000000000003914                vHAL_CMT2220INIT
 .text.ev1527decode
                0x000000000000395a      0x1d4 ./HAL/cmt2220ls.o
                0x000000000000395a                ev1527decode
 .text.AdcInit  0x0000000000003b2e        0xa ./HAL/temp.o
                0x0000000000003b2e                AdcInit
 .text.TM1628A_SendData
                0x0000000000003b38       0xa6 ./HAL/tm1628a.o
                0x0000000000003b38                TM1628A_SendData
 .text.vSetSeg  0x0000000000003bde       0x4a ./HAL/tm1628a.o
                0x0000000000003bde                vSetSeg
 .text.vClearScreen
                0x0000000000003c28       0x1a ./HAL/tm1628a.o
                0x0000000000003c28                vClearScreen
 .text.TM1628A_WriteCmd
                0x0000000000003c42       0x3e ./HAL/tm1628a.o
                0x0000000000003c42                TM1628A_WriteCmd
 .text.TM1628A_updataDisRAM_AutoAdd
                0x0000000000003c80       0x56 ./HAL/tm1628a.o
                0x0000000000003c80                TM1628A_updataDisRAM_AutoAdd
 .text.vFreshScreen
                0x0000000000003cd6        0xa ./HAL/tm1628a.o
                0x0000000000003cd6                vFreshScreen
 .text.TM1628A_GpioInit
                0x0000000000003ce0       0x52 ./HAL/tm1628a.o
                0x0000000000003ce0                TM1628A_GpioInit
 .text.TM1628A_Init
                0x0000000000003d32       0x2e ./HAL/tm1628a.o
                0x0000000000003d32                TM1628A_Init
 .text.UART1_INIT
                0x0000000000003d60       0x90 ./HAL/uart1.o
                0x0000000000003d60                UART1_INIT
 .text.checksum
                0x0000000000003df0       0x1e ./HAL/uart1.o
                0x0000000000003df0                checksum
 .text.UART1_GETDATA
                0x0000000000003e0e      0x1a2 ./HAL/uart1.o
                0x0000000000003e0e                UART1_GETDATA
 .text.UART1_CMDON
                0x0000000000003fb0      0x14c ./HAL/uart1.o
                0x0000000000003fb0                UART1_CMDON
 .text.UART1_CMDOFF
                0x00000000000040fc       0xd0 ./HAL/uart1.o
                0x00000000000040fc                UART1_CMDOFF
 .text.UART1_CMDPUMPOIL
                0x00000000000041cc       0x6a ./HAL/uart1.o
                0x00000000000041cc                UART1_CMDPUMPOIL
 .text.btn_event_callback
                0x0000000000004236      0xa2a ./APP/button.o
 .text.read_button_GPIO
                0x0000000000004c60       0x68 ./APP/button.o
                0x0000000000004c60                read_button_GPIO
 .text.button_polling
                0x0000000000004cc8      0x55e ./APP/button.o
                0x0000000000004cc8                button_polling
 .text.user_button_init
                0x0000000000005226      0x22c ./APP/button.o
                0x0000000000005226                user_button_init
 .text.Time_offset
                0x0000000000005452       0x60 ./APP/date_time.o
                0x0000000000005452                Time_offset
 .text.gettimebyoffset
                0x00000000000054b2       0x88 ./APP/date_time.o
                0x00000000000054b2                gettimebyoffset
 .text.datetime_init
                0x000000000000553a        0xa ./APP/date_time.o
                0x000000000000553a                datetime_init
 .text.HP230BIO_Init
                0x0000000000005544       0x18 ./APP/hp203b.o
                0x0000000000005544                HP230BIO_Init
 .text.IIC_Start
                0x000000000000555c       0x68 ./APP/hp203b.o
                0x000000000000555c                IIC_Start
 .text.IIC_Stop
                0x00000000000055c4       0x68 ./APP/hp203b.o
                0x00000000000055c4                IIC_Stop
 .text.IIC_Wait_Ack
                0x000000000000562c       0x84 ./APP/hp203b.o
                0x000000000000562c                IIC_Wait_Ack
 .text.IIC_Ack  0x00000000000056b0       0x68 ./APP/hp203b.o
                0x00000000000056b0                IIC_Ack
 .text.IIC_NAck
                0x0000000000005718       0x68 ./APP/hp203b.o
                0x0000000000005718                IIC_NAck
 .text.IIC_Send_Byte
                0x0000000000005780       0x9a ./APP/hp203b.o
                0x0000000000005780                IIC_Send_Byte
 .text.IIC_Read_Byte
                0x000000000000581a       0xaa ./APP/hp203b.o
                0x000000000000581a                IIC_Read_Byte
 .text.HP203X_WriteCmd
                0x00000000000058c4       0x2e ./APP/hp203b.o
                0x00000000000058c4                HP203X_WriteCmd
 .text.HP203X_WriteReg
                0x00000000000058f2       0x40 ./APP/hp203b.o
                0x00000000000058f2                HP203X_WriteReg
 .text.HP203X_ReadReg
                0x0000000000005932       0x46 ./APP/hp203b.o
                0x0000000000005932                HP203X_ReadReg
 .text.HP203X_Read3Bytes
                0x0000000000005978       0x56 ./APP/hp203b.o
                0x0000000000005978                HP203X_Read3Bytes
 .text.HP203X_RST
                0x00000000000059ce       0x66 ./APP/hp203b.o
                0x00000000000059ce                HP203X_RST
 .text.HP203X_StartAltimetAndTemperature
                0x0000000000005a34        0xe ./APP/hp203b.o
                0x0000000000005a34                HP203X_StartAltimetAndTemperature
 .text.HP203X_init
                0x0000000000005a42       0x1c ./APP/hp203b.o
                0x0000000000005a42                HP203X_init
 .text.get_HP203BAH
                0x0000000000005a5e       0xb0 ./APP/hp203b.o
                0x0000000000005a5e                get_HP203BAH
 .text.Lcd_Bk_On
                0x0000000000005b0e        0xe ./APP/lcd.o
                0x0000000000005b0e                Lcd_Bk_On
 .text.Lcd_Bk_Off
                0x0000000000005b1c       0x5e ./APP/lcd.o
                0x0000000000005b1c                Lcd_Bk_Off
 .text.Hal_Lcd_Init
                0x0000000000005b7a       0x10 ./APP/lcd.o
                0x0000000000005b7a                Hal_Lcd_Init
 .text.Lcd_Set_Segbyid
                0x0000000000005b8a       0x16 ./APP/lcd.o
                0x0000000000005b8a                Lcd_Set_Segbyid
 .text.Lcd_Show_Num.part.0
                0x0000000000005ba0       0x70 ./APP/lcd.o
 .text.Lcd_Show_Num
                0x0000000000005c10        0xc ./APP/lcd.o
                0x0000000000005c10                Lcd_Show_Num
 .text.Lcd_Show_Temp.part.2
                0x0000000000005c1c      0x178 ./APP/lcd.o
 .text.Lcd_Show_Time
                0x0000000000005d94       0x88 ./APP/lcd.o
                0x0000000000005d94                Lcd_Show_Time
 .text.Lcd_Show_Temp
                0x0000000000005e1c       0x66 ./APP/lcd.o
                0x0000000000005e1c                Lcd_Show_Temp
 .text.Lcd_Show_SetTemp
                0x0000000000005e82      0x12e ./APP/lcd.o
                0x0000000000005e82                Lcd_Show_SetTemp
 .text.Lcd_Show_Level
                0x0000000000005fb0      0x240 ./APP/lcd.o
                0x0000000000005fb0                Lcd_Show_Level
 .text.Lcd_Show_PwrOnAnimation
                0x00000000000061f0       0x66 ./APP/lcd.o
                0x00000000000061f0                Lcd_Show_PwrOnAnimation
 .text.Lcd_Show_PwrOffAnimation
                0x0000000000006256       0x6e ./APP/lcd.o
                0x0000000000006256                Lcd_Show_PwrOffAnimation
 .text.Lcd_Show_PwrOffing
                0x00000000000062c4       0x7a ./APP/lcd.o
                0x00000000000062c4                Lcd_Show_PwrOffing
 .text.Lcd_Show_Fan
                0x000000000000633e       0x4e ./APP/lcd.o
                0x000000000000633e                Lcd_Show_Fan
 .text.Lcd_Show_RemoteMatctState
                0x000000000000638c       0x2a ./APP/lcd.o
                0x000000000000638c                Lcd_Show_RemoteMatctState
 .text.Lcd_Show_Round
                0x00000000000063b6      0x1ae ./APP/lcd.o
                0x00000000000063b6                Lcd_Show_Round
 .text.Lcd_Show_Step
                0x0000000000006564       0x58 ./APP/lcd.o
                0x0000000000006564                Lcd_Show_Step
 .text.Control_RunTemp
                0x00000000000065bc       0x40 ./APP/lcd.o
                0x00000000000065bc                Control_RunTemp
 .text.Lcd_ShowRunning
                0x00000000000065fc      0x614 ./APP/lcd.o
                0x00000000000065fc                Lcd_ShowRunning
 .text.Lcd_ShowRunning_Fault
                0x0000000000006c10      0x264 ./APP/lcd.o
                0x0000000000006c10                Lcd_ShowRunning_Fault
 .text.Lcd_ShowCO_OverWarning
                0x0000000000006e74      0x1d2 ./APP/lcd.o
                0x0000000000006e74                Lcd_ShowCO_OverWarning
 .text.Lcd_ShowEngMode_HeaterFW
                0x0000000000007046       0xcc ./APP/lcd.o
                0x0000000000007046                Lcd_ShowEngMode_HeaterFW
 .text.Lcd_ShowEngMode_FaultType
                0x0000000000007112       0xc8 ./APP/lcd.o
                0x0000000000007112                Lcd_ShowEngMode_FaultType
 .text.Lcd_ShowEngMode_ShellTemper
                0x00000000000071da       0x32 ./APP/lcd.o
                0x00000000000071da                Lcd_ShowEngMode_ShellTemper
 .text.Lcd_ShowEngMode_SupVol
                0x000000000000720c       0x4e ./APP/lcd.o
                0x000000000000720c                Lcd_ShowEngMode_SupVol
 .text.Lcd_ShowEngMode_RunLevel
                0x000000000000725a       0x4a ./APP/lcd.o
                0x000000000000725a                Lcd_ShowEngMode_RunLevel
 .text.Lcd_ShowEngMode_RoomTemp
                0x00000000000072a4       0x2e ./APP/lcd.o
                0x00000000000072a4                Lcd_ShowEngMode_RoomTemp
 .text.Lcd_ShowEngMode_Altitude
                0x00000000000072d2      0x102 ./APP/lcd.o
                0x00000000000072d2                Lcd_ShowEngMode_Altitude
 .text.Lcd_ShowEngMode_ManUpUmp
                0x00000000000073d4       0x2c ./APP/lcd.o
                0x00000000000073d4                Lcd_ShowEngMode_ManUpUmp
 .text.Lcd_ShowEngMode_RemoteMatch
                0x0000000000007400      0x18e ./APP/lcd.o
                0x0000000000007400                Lcd_ShowEngMode_RemoteMatch
 .text.Lcd_ShowEngMode_BleMatch
                0x000000000000758e      0x1e4 ./APP/lcd.o
                0x000000000000758e                Lcd_ShowEngMode_BleMatch
 .text.Lcd_ShowEngMode_Rest
                0x0000000000007772       0x44 ./APP/lcd.o
                0x0000000000007772                Lcd_ShowEngMode_Rest
 .text.LcdShowCfgCtrParam_RTC
                0x00000000000077b6      0x1c4 ./APP/lcd.o
                0x00000000000077b6                LcdShowCfgCtrParam_RTC
 .text.LcdShowCfgCtrParam_Timer
                0x000000000000797a      0x198 ./APP/lcd.o
                0x000000000000797a                LcdShowCfgCtrParam_Timer
 .text.LcdShowCfgCtrParam_Timer_RunTime
                0x0000000000007b12      0x138 ./APP/lcd.o
                0x0000000000007b12                LcdShowCfgCtrParam_Timer_RunTime
 .text.LcdShowCfgCtrParam_Timer_Sw
                0x0000000000007c4a       0xba ./APP/lcd.o
                0x0000000000007c4a                LcdShowCfgCtrParam_Timer_Sw
 .text.LcdShowCfgCtrParam_Voice_Sw
                0x0000000000007d04       0xcc ./APP/lcd.o
                0x0000000000007d04                LcdShowCfgCtrParam_Voice_Sw
 .text.LcdShowOffSet_Temper
                0x0000000000007dd0       0x76 ./APP/lcd.o
                0x0000000000007dd0                LcdShowOffSet_Temper
 .text.LcdShowCfgCtrParam_TemperOffSet
                0x0000000000007e46       0x74 ./APP/lcd.o
                0x0000000000007e46                LcdShowCfgCtrParam_TemperOffSet
 .text.LcdShowCfgCtrParam_BLEOnOff
                0x0000000000007eba       0xba ./APP/lcd.o
                0x0000000000007eba                LcdShowCfgCtrParam_BLEOnOff
 .text.LcdShowCfgCtrParam_433OnOff
                0x0000000000007f74       0xc4 ./APP/lcd.o
                0x0000000000007f74                LcdShowCfgCtrParam_433OnOff
 .text.LcdShowCfgCtrParam_Temper_StandbySW
                0x0000000000008038       0xba ./APP/lcd.o
                0x0000000000008038                LcdShowCfgCtrParam_Temper_StandbySW
 .text.LcdShowCfgCtrParam_CtoF
                0x00000000000080f2       0xa0 ./APP/lcd.o
                0x00000000000080f2                LcdShowCfgCtrParam_CtoF
 .text.LcdShowCfgCtrParam_Bled_Ctl
                0x0000000000008192      0x118 ./APP/lcd.o
                0x0000000000008192                LcdShowCfgCtrParam_Bled_Ctl
 .text.LcdShowCfg_433CO_Off
                0x00000000000082aa       0xd0 ./APP/lcd.o
                0x00000000000082aa                LcdShowCfg_433CO_Off
 .text.Lcd_Show_Manupump
                0x000000000000837a      0x19e ./APP/lcd.o
                0x000000000000837a                Lcd_Show_Manupump
 .text.button_init
                0x0000000000008518       0x5c ./APP/multi_button.o
                0x0000000000008518                button_init
 .text.button_attach
                0x0000000000008574        0x8 ./APP/multi_button.o
                0x0000000000008574                button_attach
 .text.get_button_event
                0x000000000000857c        0x8 ./APP/multi_button.o
                0x000000000000857c                get_button_event
 .text.button_start
                0x0000000000008584       0x28 ./APP/multi_button.o
                0x0000000000008584                button_start
 .text.button_ticks
                0x00000000000085ac      0x26c ./APP/multi_button.o
                0x00000000000085ac                button_ticks
 .text.vPARA_SAVE
                0x0000000000008818       0x58 ./APP/parameter.o
                0x0000000000008818                vPARA_SAVE
 .text.vPARA_INIT
                0x0000000000008870      0x154 ./APP/parameter.o
                0x0000000000008870                vPARA_INIT
 .text.GetConfigData_RunMode
                0x00000000000089c4        0xa ./APP/parameter.o
                0x00000000000089c4                GetConfigData_RunMode
 .text.SetConfigData_RunMode
                0x00000000000089ce       0x12 ./APP/parameter.o
                0x00000000000089ce                SetConfigData_RunMode
 .text.GetConfigData_remoteEn
                0x00000000000089e0        0xa ./APP/parameter.o
                0x00000000000089e0                GetConfigData_remoteEn
 .text.GetConfigData_tempUnit
                0x00000000000089ea        0xa ./APP/parameter.o
                0x00000000000089ea                GetConfigData_tempUnit
 .text.SetConfigData_tempUnit
                0x00000000000089f4       0x12 ./APP/parameter.o
                0x00000000000089f4                SetConfigData_tempUnit
 .text.SetDisSetTemperUintAdd
                0x0000000000008a06       0x28 ./APP/parameter.o
                0x0000000000008a06                SetDisSetTemperUintAdd
 .text.SetDisSetTemperUintDec
                0x0000000000008a2e       0x28 ./APP/parameter.o
                0x0000000000008a2e                SetDisSetTemperUintDec
 .text.GetConfigData_BledTime
                0x0000000000008a56       0x12 ./APP/parameter.o
                0x0000000000008a56                GetConfigData_BledTime
 .text.SetConfigData_BledDuty_Add
                0x0000000000008a68       0x28 ./APP/parameter.o
                0x0000000000008a68                SetConfigData_BledDuty_Add
 .text.SetConfigData_BledDuty_Dec
                0x0000000000008a90       0x28 ./APP/parameter.o
                0x0000000000008a90                SetConfigData_BledDuty_Dec
 .text.GetConfigData_BledDuty
                0x0000000000008ab8        0xa ./APP/parameter.o
                0x0000000000008ab8                GetConfigData_BledDuty
 .text.SetConfigData_BledDuty
                0x0000000000008ac2       0x12 ./APP/parameter.o
                0x0000000000008ac2                SetConfigData_BledDuty
 .text.GetHeaterDatas_RunningLevel
                0x0000000000008ad4        0xa ./APP/parameter.o
                0x0000000000008ad4                GetHeaterDatas_RunningLevel
 .text.GetConfigData_COWarningData
                0x0000000000008ade        0xa ./APP/parameter.o
                0x0000000000008ade                GetConfigData_COWarningData
 .text.GetRunningData_CONumber
                0x0000000000008ae8        0xa ./APP/parameter.o
                0x0000000000008ae8                GetRunningData_CONumber
 .text.peripheralRssiCB
                0x0000000000008af2        0x2 ./APP/peripheral.o
 .text.peripheralParamUpdateCB
                0x0000000000008af4       0x26 ./APP/peripheral.o
 .text.Peripheral_LinkTerminated.part.1
                0x0000000000008b1a       0x5a ./APP/peripheral.o
 .text.Peripheral_ProcessEvent
                0x0000000000008b74      0x120 ./APP/peripheral.o
                0x0000000000008b74                Peripheral_ProcessEvent
 .text.peripheralStateNotificationCB
                0x0000000000008c94       0xde ./APP/peripheral.o
 .text.Peripheral_Init
                0x0000000000008d72      0x308 ./APP/peripheral.o
                0x0000000000008d72                Peripheral_Init
 .text.EncryptBuffer
                0x000000000000907a       0x32 ./APP/peripheral.o
                0x000000000000907a                EncryptBuffer
 .text.bleDataChick
                0x00000000000090ac       0x50 ./APP/peripheral.o
                0x00000000000090ac                bleDataChick
 .text.Ble_Send_Packet
                0x00000000000090fc      0x3b6 ./APP/peripheral.o
                0x00000000000090fc                Ble_Send_Packet
 .text.Jump_OTA
                0x00000000000094b2       0x54 ./APP/peripheral.o
                0x00000000000094b2                Jump_OTA
 .text.simpleProfileChangeCB
                0x0000000000009506      0x370 ./APP/peripheral.o
 .text.startup.main
                0x0000000000009876       0xc0 ./APP/peripheral_main.o
                0x0000000000009876                main
 .text.runState_Init
                0x0000000000009936       0xbc ./APP/running.o
                0x0000000000009936                runState_Init
 .text.clear_State
                0x00000000000099f2       0x2a ./APP/running.o
                0x00000000000099f2                clear_State
 .text.GetRunningSetLevel
                0x0000000000009a1c        0xa ./APP/running.o
                0x0000000000009a1c                GetRunningSetLevel
 .text.GetRunningAutoSetLevel
                0x0000000000009a26        0xa ./APP/running.o
                0x0000000000009a26                GetRunningAutoSetLevel
 .text.GetRunningAutoLevel
                0x0000000000009a30        0xa ./APP/running.o
                0x0000000000009a30                GetRunningAutoLevel
 .text.SetRunningAutoLevel
                0x0000000000009a3a       0x1e ./APP/running.o
                0x0000000000009a3a                SetRunningAutoLevel
 .text.SetRunningAutoSetLevel
                0x0000000000009a58       0x1e ./APP/running.o
                0x0000000000009a58                SetRunningAutoSetLevel
 .text.RunningSetLevel_Add
                0x0000000000009a76       0x28 ./APP/running.o
                0x0000000000009a76                RunningSetLevel_Add
 .text.RunningSetLevel_Dec
                0x0000000000009a9e       0x1a ./APP/running.o
                0x0000000000009a9e                RunningSetLevel_Dec
 .text.GetRunningSetTemper
                0x0000000000009ab8        0xe ./APP/running.o
                0x0000000000009ab8                GetRunningSetTemper
 .text.GetRunningSetHTemper
                0x0000000000009ac6        0xe ./APP/running.o
                0x0000000000009ac6                GetRunningSetHTemper
 .text.RunningSetTemper_Add
                0x0000000000009ad4       0xfa ./APP/running.o
                0x0000000000009ad4                RunningSetTemper_Add
 .text.RunningSetTemper_Dec
                0x0000000000009bce       0xee ./APP/running.o
                0x0000000000009bce                RunningSetTemper_Dec
 .text.RunningVentilateLevel_Add
                0x0000000000009cbc       0x28 ./APP/running.o
                0x0000000000009cbc                RunningVentilateLevel_Add
 .text.RunningVentilateLevel_Dec
                0x0000000000009ce4       0x1a ./APP/running.o
                0x0000000000009ce4                RunningVentilateLevel_Dec
 .text.GetRunningVentilateLevel
                0x0000000000009cfe        0xa ./APP/running.o
                0x0000000000009cfe                GetRunningVentilateLevel
 .text.ControlModel_Change
                0x0000000000009d08      0x110 ./APP/running.o
                0x0000000000009d08                ControlModel_Change
 .text.GetTemperatureValue
                0x0000000000009e18        0xe ./APP/running.o
                0x0000000000009e18                GetTemperatureValue
 .text.GetDisSetTemperBlink
                0x0000000000009e26        0xa ./APP/running.o
                0x0000000000009e26                GetDisSetTemperBlink
 .text.CleardisSetTempBlinkCnt
                0x0000000000009e30        0xa ./APP/running.o
                0x0000000000009e30                CleardisSetTempBlinkCnt
 .text.SetDisSetTemperBlink
                0x0000000000009e3a        0xe ./APP/running.o
                0x0000000000009e3a                SetDisSetTemperBlink
 .text.GetDisSetTimeState
                0x0000000000009e48        0xa ./APP/running.o
                0x0000000000009e48                GetDisSetTimeState
 .text.ClearDisSetTimeBlinkCnt
                0x0000000000009e52        0xa ./APP/running.o
                0x0000000000009e52                ClearDisSetTimeBlinkCnt
 .text.SetDisSetTimeState
                0x0000000000009e5c       0x7a ./APP/running.o
                0x0000000000009e5c                SetDisSetTimeState
 .text.SetDisRunState_disIndexAdd
                0x0000000000009ed6       0x24 ./APP/running.o
                0x0000000000009ed6                SetDisRunState_disIndexAdd
 .text.SetDisRunState_disIndexDec
                0x0000000000009efa       0x24 ./APP/running.o
                0x0000000000009efa                SetDisRunState_disIndexDec
 .text.SetDisEngModeAdd
                0x0000000000009f1e       0x22 ./APP/running.o
                0x0000000000009f1e                SetDisEngModeAdd
 .text.SetDisEngModeDec
                0x0000000000009f40       0x22 ./APP/running.o
                0x0000000000009f40                SetDisEngModeDec
 .text.SetDisSetTimeHourAdd
                0x0000000000009f62       0x28 ./APP/running.o
                0x0000000000009f62                SetDisSetTimeHourAdd
 .text.SetDisSetTimeHourDec
                0x0000000000009f8a       0x20 ./APP/running.o
                0x0000000000009f8a                SetDisSetTimeHourDec
 .text.SetDisSetTimeMinuteAdd
                0x0000000000009faa       0x2a ./APP/running.o
                0x0000000000009faa                SetDisSetTimeMinuteAdd
 .text.SetDisSetTimeMinuteDec
                0x0000000000009fd4       0x22 ./APP/running.o
                0x0000000000009fd4                SetDisSetTimeMinuteDec
 .text.SetDisSetTime
                0x0000000000009ff6       0x26 ./APP/running.o
                0x0000000000009ff6                SetDisSetTime
 .text.SetDisSetTimerHourAdd
                0x000000000000a01c       0x28 ./APP/running.o
                0x000000000000a01c                SetDisSetTimerHourAdd
 .text.SetDisSetTimerHourDec
                0x000000000000a044       0x28 ./APP/running.o
                0x000000000000a044                SetDisSetTimerHourDec
 .text.SetDisSetTimerMinuteAdd
                0x000000000000a06c       0x2a ./APP/running.o
                0x000000000000a06c                SetDisSetTimerMinuteAdd
 .text.SetDisSetTimerMinuteDec
                0x000000000000a096       0x2a ./APP/running.o
                0x000000000000a096                SetDisSetTimerMinuteDec
 .text.SetDisSetTimer
                0x000000000000a0c0       0x24 ./APP/running.o
                0x000000000000a0c0                SetDisSetTimer
 .text.SetDisSetTimerRunTimeAdd30
                0x000000000000a0e4       0x2a ./APP/running.o
                0x000000000000a0e4                SetDisSetTimerRunTimeAdd30
 .text.SetDisSetTimerRunTimeDec30
                0x000000000000a10e       0x2a ./APP/running.o
                0x000000000000a10e                SetDisSetTimerRunTimeDec30
 .text.SetDisSetTimerRunTime
                0x000000000000a138       0x14 ./APP/running.o
                0x000000000000a138                SetDisSetTimerRunTime
 .text.GetDisSetTimerRunTime
                0x000000000000a14c        0xa ./APP/running.o
                0x000000000000a14c                GetDisSetTimerRunTime
 .text.SetDisSetTimerClockEn
                0x000000000000a156       0x10 ./APP/running.o
                0x000000000000a156                SetDisSetTimerClockEn
 .text.GetDisSetTimerClockEn
                0x000000000000a166        0xa ./APP/running.o
                0x000000000000a166                GetDisSetTimerClockEn
 .text.GetDisSetLanguageType
                0x000000000000a170        0xa ./APP/running.o
                0x000000000000a170                GetDisSetLanguageType
 .text.SetDisSetLanguageType
                0x000000000000a17a       0x12 ./APP/running.o
                0x000000000000a17a                SetDisSetLanguageType
 .text.SetDisSetLanguageTypeAdd
                0x000000000000a18c       0x28 ./APP/running.o
                0x000000000000a18c                SetDisSetLanguageTypeAdd
 .text.GetDisSetTemperOffSet
                0x000000000000a1b4        0xe ./APP/running.o
                0x000000000000a1b4                GetDisSetTemperOffSet
 .text.SetDisSetTemperOffSet
                0x000000000000a1c2       0x1a ./APP/running.o
                0x000000000000a1c2                SetDisSetTemperOffSet
 .text.SetDisSetTemperOffSetAdd
                0x000000000000a1dc       0x28 ./APP/running.o
                0x000000000000a1dc                SetDisSetTemperOffSetAdd
 .text.SetDisSetTimeAdd
                0x000000000000a204      0x1d2 ./APP/running.o
                0x000000000000a204                SetDisSetTimeAdd
 .text.SetDisSetTemperOffSetDec
                0x000000000000a3d6       0x28 ./APP/running.o
                0x000000000000a3d6                SetDisSetTemperOffSetDec
 .text.SetDisSetTimeDec
                0x000000000000a3fe      0x1d2 ./APP/running.o
                0x000000000000a3fe                SetDisSetTimeDec
 .text.SetDisSetBleOnOff
                0x000000000000a5d0       0x10 ./APP/running.o
                0x000000000000a5d0                SetDisSetBleOnOff
 .text.GetDisSetBleOnOff
                0x000000000000a5e0        0xa ./APP/running.o
                0x000000000000a5e0                GetDisSetBleOnOff
 .text.SetDisSet433OnOff
                0x000000000000a5ea       0x10 ./APP/running.o
                0x000000000000a5ea                SetDisSet433OnOff
 .text.GetDisSet433OnOff
                0x000000000000a5fa        0xa ./APP/running.o
                0x000000000000a5fa                GetDisSet433OnOff
 .text.GetDisSetTemperModeStandby
                0x000000000000a604        0xa ./APP/running.o
                0x000000000000a604                GetDisSetTemperModeStandby
 .text.SetDisSetTemperModeStandby
                0x000000000000a60e       0x10 ./APP/running.o
                0x000000000000a60e                SetDisSetTemperModeStandby
 .text.ClearDisSetRemoteMatchState
                0x000000000000a61e       0x12 ./APP/running.o
                0x000000000000a61e                ClearDisSetRemoteMatchState
 .text.LookupTimerPwrOn
                0x000000000000a630       0x3e ./APP/running.o
                0x000000000000a630                LookupTimerPwrOn
 .text.LookupTimerPwrOff
                0x000000000000a66e       0x64 ./APP/running.o
                0x000000000000a66e                LookupTimerPwrOff
 .text.LookupFastHeatOff
                0x000000000000a6d2       0x44 ./APP/running.o
                0x000000000000a6d2                LookupFastHeatOff
 .text.TurnOn_Device
                0x000000000000a716       0x2a ./APP/running.o
                0x000000000000a716                TurnOn_Device
 .text.TurnOn_FaultToRunning
                0x000000000000a740       0x4e ./APP/running.o
                0x000000000000a740                TurnOn_FaultToRunning
 .text.TurnOff_Device
                0x000000000000a78e       0x36 ./APP/running.o
                0x000000000000a78e                TurnOff_Device
 .text.TurnOff_DeviceNow
                0x000000000000a7c4       0x4c ./APP/running.o
                0x000000000000a7c4                TurnOff_DeviceNow
 .text.main_running_task
                0x000000000000a810      0x280 ./APP/running.o
                0x000000000000a810                main_running_task
 .text.log      0x000000000000aa90      0x116 d:/mounriver/mounriver_studio/toolchain/risc-v embedded gcc/bin/../lib/gcc/riscv-none-embed/8.2.0/../../../../riscv-none-embed/lib/rv32imac/ilp32\libm.a(lib_a-w_log.o)
                0x000000000000aa90                log
 .text.__ieee754_log
                0x000000000000aba6      0x3d8 d:/mounriver/mounriver_studio/toolchain/risc-v embedded gcc/bin/../lib/gcc/riscv-none-embed/8.2.0/../../../../riscv-none-embed/lib/rv32imac/ilp32\libm.a(lib_a-e_log.o)
                0x000000000000aba6                __ieee754_log
 .text.matherr  0x000000000000af7e        0x4 d:/mounriver/mounriver_studio/toolchain/risc-v embedded gcc/bin/../lib/gcc/riscv-none-embed/8.2.0/../../../../riscv-none-embed/lib/rv32imac/ilp32\libm.a(lib_a-s_matherr.o)
                0x000000000000af7e                matherr
 .text.nan      0x000000000000af82        0xe d:/mounriver/mounriver_studio/toolchain/risc-v embedded gcc/bin/../lib/gcc/riscv-none-embed/8.2.0/../../../../riscv-none-embed/lib/rv32imac/ilp32\libm.a(lib_a-s_nan.o)
                0x000000000000af82                nan
 .text.__adddf3
                0x000000000000af90      0x730 d:/mounriver/mounriver_studio/toolchain/risc-v embedded gcc/bin/../lib/gcc/riscv-none-embed/8.2.0/rv32imac/ilp32\libgcc.a(adddf3.o)
                0x000000000000af90                __adddf3
 .text.__divdf3
                0x000000000000b6c0      0x5b4 d:/mounriver/mounriver_studio/toolchain/risc-v embedded gcc/bin/../lib/gcc/riscv-none-embed/8.2.0/rv32imac/ilp32\libgcc.a(divdf3.o)
                0x000000000000b6c0                __divdf3
 .text.__eqdf2  0x000000000000bc74       0x6a d:/mounriver/mounriver_studio/toolchain/risc-v embedded gcc/bin/../lib/gcc/riscv-none-embed/8.2.0/rv32imac/ilp32\libgcc.a(eqdf2.o)
                0x000000000000bc74                __nedf2
                0x000000000000bc74                __eqdf2
 .text.__gedf2  0x000000000000bcde       0xae d:/mounriver/mounriver_studio/toolchain/risc-v embedded gcc/bin/../lib/gcc/riscv-none-embed/8.2.0/rv32imac/ilp32\libgcc.a(gedf2.o)
                0x000000000000bcde                __gedf2
                0x000000000000bcde                __gtdf2
 .text.__muldf3
                0x000000000000bd8c      0x4b8 d:/mounriver/mounriver_studio/toolchain/risc-v embedded gcc/bin/../lib/gcc/riscv-none-embed/8.2.0/rv32imac/ilp32\libgcc.a(muldf3.o)
                0x000000000000bd8c                __muldf3
 .text.__subdf3
                0x000000000000c244      0x73e d:/mounriver/mounriver_studio/toolchain/risc-v embedded gcc/bin/../lib/gcc/riscv-none-embed/8.2.0/rv32imac/ilp32\libgcc.a(subdf3.o)
                0x000000000000c244                __subdf3
 .text.__unorddf2
                0x000000000000c982       0x3c d:/mounriver/mounriver_studio/toolchain/risc-v embedded gcc/bin/../lib/gcc/riscv-none-embed/8.2.0/rv32imac/ilp32\libgcc.a(unorddf2.o)
                0x000000000000c982                __unorddf2
 .text.__fixdfsi
                0x000000000000c9be       0x68 d:/mounriver/mounriver_studio/toolchain/risc-v embedded gcc/bin/../lib/gcc/riscv-none-embed/8.2.0/rv32imac/ilp32\libgcc.a(fixdfsi.o)
                0x000000000000c9be                __fixdfsi
 .text.__floatsidf
                0x000000000000ca26       0x70 d:/mounriver/mounriver_studio/toolchain/risc-v embedded gcc/bin/../lib/gcc/riscv-none-embed/8.2.0/rv32imac/ilp32\libgcc.a(floatsidf.o)
                0x000000000000ca26                __floatsidf
 .text.__fixsfsi
                0x000000000000ca96       0x62 d:/mounriver/mounriver_studio/toolchain/risc-v embedded gcc/bin/../lib/gcc/riscv-none-embed/8.2.0/rv32imac/ilp32\libgcc.a(fixsfsi.o)
                0x000000000000ca96                __fixsfsi
 .text.__floatsisf
                0x000000000000caf8       0xc6 d:/mounriver/mounriver_studio/toolchain/risc-v embedded gcc/bin/../lib/gcc/riscv-none-embed/8.2.0/rv32imac/ilp32\libgcc.a(floatsisf.o)
                0x000000000000caf8                __floatsisf
 .text.__extendsfdf2
                0x000000000000cbbe       0xac d:/mounriver/mounriver_studio/toolchain/risc-v embedded gcc/bin/../lib/gcc/riscv-none-embed/8.2.0/rv32imac/ilp32\libgcc.a(extendsfdf2.o)
                0x000000000000cbbe                __extendsfdf2
 .text.__truncdfsf2
                0x000000000000cc6a      0x16a d:/mounriver/mounriver_studio/toolchain/risc-v embedded gcc/bin/../lib/gcc/riscv-none-embed/8.2.0/rv32imac/ilp32\libgcc.a(truncdfsf2.o)
                0x000000000000cc6a                __truncdfsf2
 .text.__clzsi2
                0x000000000000cdd4       0x76 d:/mounriver/mounriver_studio/toolchain/risc-v embedded gcc/bin/../lib/gcc/riscv-none-embed/8.2.0/rv32imac/ilp32\libgcc.a(_clzsi2.o)
                0x000000000000cdd4                __clzsi2
 .text.__errno  0x000000000000ce4a        0xc d:/mounriver/mounriver_studio/toolchain/risc-v embedded gcc/bin/../lib/gcc/riscv-none-embed/8.2.0/../../../../riscv-none-embed/lib/rv32imac/ilp32\libg_nano.a(lib_a-errno.o)
                0x000000000000ce4a                __errno
 .text.localtime
                0x000000000000ce56       0x2e d:/mounriver/mounriver_studio/toolchain/risc-v embedded gcc/bin/../lib/gcc/riscv-none-embed/8.2.0/../../../../riscv-none-embed/lib/rv32imac/ilp32\libg_nano.a(lib_a-lcltime.o)
                0x000000000000ce56                localtime
 .text.localtime_r
                0x000000000000ce84      0x244 d:/mounriver/mounriver_studio/toolchain/risc-v embedded gcc/bin/../lib/gcc/riscv-none-embed/8.2.0/../../../../riscv-none-embed/lib/rv32imac/ilp32\libg_nano.a(lib_a-lcltime_r.o)
                0x000000000000ce84                localtime_r
 .text.malloc   0x000000000000d0c8        0xe d:/mounriver/mounriver_studio/toolchain/risc-v embedded gcc/bin/../lib/gcc/riscv-none-embed/8.2.0/../../../../riscv-none-embed/lib/rv32imac/ilp32\libg_nano.a(lib_a-malloc.o)
                0x000000000000d0c8                malloc
 .text.free     0x000000000000d0d6        0xe d:/mounriver/mounriver_studio/toolchain/risc-v embedded gcc/bin/../lib/gcc/riscv-none-embed/8.2.0/../../../../riscv-none-embed/lib/rv32imac/ilp32\libg_nano.a(lib_a-malloc.o)
                0x000000000000d0d6                free
 .text.memcpy   0x000000000000d0e4       0xb6 d:/mounriver/mounriver_studio/toolchain/risc-v embedded gcc/bin/../lib/gcc/riscv-none-embed/8.2.0/../../../../riscv-none-embed/lib/rv32imac/ilp32\libg_nano.a(lib_a-memcpy.o)
                0x000000000000d0e4                memcpy
 .text.validate_structure
                0x000000000000d19a      0x1c6 d:/mounriver/mounriver_studio/toolchain/risc-v embedded gcc/bin/../lib/gcc/riscv-none-embed/8.2.0/../../../../riscv-none-embed/lib/rv32imac/ilp32\libg_nano.a(lib_a-mktime.o)
 .text.mktime   0x000000000000d360      0x35e d:/mounriver/mounriver_studio/toolchain/risc-v embedded gcc/bin/../lib/gcc/riscv-none-embed/8.2.0/../../../../riscv-none-embed/lib/rv32imac/ilp32\libg_nano.a(lib_a-mktime.o)
                0x000000000000d360                mktime
 .text._free_r  0x000000000000d6be       0xb0 d:/mounriver/mounriver_studio/toolchain/risc-v embedded gcc/bin/../lib/gcc/riscv-none-embed/8.2.0/../../../../riscv-none-embed/lib/rv32imac/ilp32\libg_nano.a(lib_a-nano-freer.o)
                0x000000000000d6be                _free_r
 .text._malloc_r
                0x000000000000d76e       0xe4 d:/mounriver/mounriver_studio/toolchain/risc-v embedded gcc/bin/../lib/gcc/riscv-none-embed/8.2.0/../../../../riscv-none-embed/lib/rv32imac/ilp32\libg_nano.a(lib_a-nano-mallocr.o)
                0x000000000000d76e                _malloc_r
 .text._sbrk_r  0x000000000000d852       0x32 d:/mounriver/mounriver_studio/toolchain/risc-v embedded gcc/bin/../lib/gcc/riscv-none-embed/8.2.0/../../../../riscv-none-embed/lib/rv32imac/ilp32\libg_nano.a(lib_a-sbrkr.o)
                0x000000000000d852                _sbrk_r
 .text.__tzcalc_limits
                0x000000000000d884      0x15c d:/mounriver/mounriver_studio/toolchain/risc-v embedded gcc/bin/../lib/gcc/riscv-none-embed/8.2.0/../../../../riscv-none-embed/lib/rv32imac/ilp32\libg_nano.a(lib_a-tzcalc_limits.o)
                0x000000000000d884                __tzcalc_limits
 .text.__tz_lock
                0x000000000000d9e0        0x2 d:/mounriver/mounriver_studio/toolchain/risc-v embedded gcc/bin/../lib/gcc/riscv-none-embed/8.2.0/../../../../riscv-none-embed/lib/rv32imac/ilp32\libg_nano.a(lib_a-tzlock.o)
                0x000000000000d9e0                __tz_lock
 .text.__tz_unlock
                0x000000000000d9e2        0x2 d:/mounriver/mounriver_studio/toolchain/risc-v embedded gcc/bin/../lib/gcc/riscv-none-embed/8.2.0/../../../../riscv-none-embed/lib/rv32imac/ilp32\libg_nano.a(lib_a-tzlock.o)
                0x000000000000d9e2                __tz_unlock
 .text._tzset_unlocked
                0x000000000000d9e4        0xc d:/mounriver/mounriver_studio/toolchain/risc-v embedded gcc/bin/../lib/gcc/riscv-none-embed/8.2.0/../../../../riscv-none-embed/lib/rv32imac/ilp32\libg_nano.a(lib_a-tzset.o)
                0x000000000000d9e4                _tzset_unlocked
 .text._tzset_unlocked_r
                0x000000000000d9f0      0x3b8 d:/mounriver/mounriver_studio/toolchain/risc-v embedded gcc/bin/../lib/gcc/riscv-none-embed/8.2.0/../../../../riscv-none-embed/lib/rv32imac/ilp32\libg_nano.a(lib_a-tzset_r.o)
                0x000000000000d9f0                _tzset_unlocked_r
 .text.div      0x000000000000dda8       0x28 d:/mounriver/mounriver_studio/toolchain/risc-v embedded gcc/bin/../lib/gcc/riscv-none-embed/8.2.0/../../../../riscv-none-embed/lib/rv32imac/ilp32\libg_nano.a(lib_a-div.o)
                0x000000000000dda8                div
 .text._findenv_r
                0x000000000000ddd0       0x96 d:/mounriver/mounriver_studio/toolchain/risc-v embedded gcc/bin/../lib/gcc/riscv-none-embed/8.2.0/../../../../riscv-none-embed/lib/rv32imac/ilp32\libg_nano.a(lib_a-getenv_r.o)
                0x000000000000ddd0                _findenv_r
 .text._getenv_r
                0x000000000000de66       0x10 d:/mounriver/mounriver_studio/toolchain/risc-v embedded gcc/bin/../lib/gcc/riscv-none-embed/8.2.0/../../../../riscv-none-embed/lib/rv32imac/ilp32\libg_nano.a(lib_a-getenv_r.o)
                0x000000000000de66                _getenv_r
 .text.__gettzinfo
                0x000000000000de76        0xa d:/mounriver/mounriver_studio/toolchain/risc-v embedded gcc/bin/../lib/gcc/riscv-none-embed/8.2.0/../../../../riscv-none-embed/lib/rv32imac/ilp32\libg_nano.a(lib_a-gettzinfo.o)
                0x000000000000de76                __gettzinfo
 .text.gmtime_r
                0x000000000000de80      0x19c d:/mounriver/mounriver_studio/toolchain/risc-v embedded gcc/bin/../lib/gcc/riscv-none-embed/8.2.0/../../../../riscv-none-embed/lib/rv32imac/ilp32\libg_nano.a(lib_a-gmtime_r.o)
                0x000000000000de80                gmtime_r
 .text.__malloc_lock
                0x000000000000e01c        0x2 d:/mounriver/mounriver_studio/toolchain/risc-v embedded gcc/bin/../lib/gcc/riscv-none-embed/8.2.0/../../../../riscv-none-embed/lib/rv32imac/ilp32\libg_nano.a(lib_a-mlock.o)
                0x000000000000e01c                __malloc_lock
 .text.__malloc_unlock
                0x000000000000e01e        0x2 d:/mounriver/mounriver_studio/toolchain/risc-v embedded gcc/bin/../lib/gcc/riscv-none-embed/8.2.0/../../../../riscv-none-embed/lib/rv32imac/ilp32\libg_nano.a(lib_a-mlock.o)
                0x000000000000e01e                __malloc_unlock
 .text.sscanf   0x000000000000e020       0x54 d:/mounriver/mounriver_studio/toolchain/risc-v embedded gcc/bin/../lib/gcc/riscv-none-embed/8.2.0/../../../../riscv-none-embed/lib/rv32imac/ilp32\libg_nano.a(lib_a-sscanf.o)
                0x000000000000e020                siscanf
                0x000000000000e020                sscanf
 .text.__seofread
                0x000000000000e074        0x4 d:/mounriver/mounriver_studio/toolchain/risc-v embedded gcc/bin/../lib/gcc/riscv-none-embed/8.2.0/../../../../riscv-none-embed/lib/rv32imac/ilp32\libg_nano.a(lib_a-stdio.o)
                0x000000000000e074                __seofread
 .text.strcpy   0x000000000000e078       0x12 d:/mounriver/mounriver_studio/toolchain/risc-v embedded gcc/bin/../lib/gcc/riscv-none-embed/8.2.0/../../../../riscv-none-embed/lib/rv32imac/ilp32\libg_nano.a(lib_a-strcpy.o)
                0x000000000000e078                strcpy
 .text.strlen   0x000000000000e08a       0x12 d:/mounriver/mounriver_studio/toolchain/risc-v embedded gcc/bin/../lib/gcc/riscv-none-embed/8.2.0/../../../../riscv-none-embed/lib/rv32imac/ilp32\libg_nano.a(lib_a-strlen.o)
                0x000000000000e08a                strlen
 .text.strncmp  0x000000000000e09c       0x2c d:/mounriver/mounriver_studio/toolchain/risc-v embedded gcc/bin/../lib/gcc/riscv-none-embed/8.2.0/../../../../riscv-none-embed/lib/rv32imac/ilp32\libg_nano.a(lib_a-strncmp.o)
                0x000000000000e09c                strncmp
 .text._strtoul_l.isra.0
                0x000000000000e0c8      0x138 d:/mounriver/mounriver_studio/toolchain/risc-v embedded gcc/bin/../lib/gcc/riscv-none-embed/8.2.0/../../../../riscv-none-embed/lib/rv32imac/ilp32\libg_nano.a(lib_a-strtoul.o)
 .text._strtoul_r
                0x000000000000e200       0x1a d:/mounriver/mounriver_studio/toolchain/risc-v embedded gcc/bin/../lib/gcc/riscv-none-embed/8.2.0/../../../../riscv-none-embed/lib/rv32imac/ilp32\libg_nano.a(lib_a-strtoul.o)
                0x000000000000e200                _strtoul_r
 .text.strtoul  0x000000000000e21a       0x22 d:/mounriver/mounriver_studio/toolchain/risc-v embedded gcc/bin/../lib/gcc/riscv-none-embed/8.2.0/../../../../riscv-none-embed/lib/rv32imac/ilp32\libg_nano.a(lib_a-strtoul.o)
                0x000000000000e21a                strtoul
 .text.__env_lock
                0x000000000000e23c        0x2 d:/mounriver/mounriver_studio/toolchain/risc-v embedded gcc/bin/../lib/gcc/riscv-none-embed/8.2.0/../../../../riscv-none-embed/lib/rv32imac/ilp32\libg_nano.a(lib_a-envlock.o)
                0x000000000000e23c                __env_lock
 .text.__env_unlock
                0x000000000000e23e        0x2 d:/mounriver/mounriver_studio/toolchain/risc-v embedded gcc/bin/../lib/gcc/riscv-none-embed/8.2.0/../../../../riscv-none-embed/lib/rv32imac/ilp32\libg_nano.a(lib_a-envlock.o)
                0x000000000000e23e                __env_unlock
 .text.__locale_ctype_ptr_l
                0x000000000000e240        0x6 d:/mounriver/mounriver_studio/toolchain/risc-v embedded gcc/bin/../lib/gcc/riscv-none-embed/8.2.0/../../../../riscv-none-embed/lib/rv32imac/ilp32\libg_nano.a(lib_a-locale.o)
                0x000000000000e240                __locale_ctype_ptr_l
 .text.__locale_ctype_ptr
                0x000000000000e246       0x1c d:/mounriver/mounriver_studio/toolchain/risc-v embedded gcc/bin/../lib/gcc/riscv-none-embed/8.2.0/../../../../riscv-none-embed/lib/rv32imac/ilp32\libg_nano.a(lib_a-locale.o)
                0x000000000000e246                __locale_ctype_ptr
 .text.__ascii_mbtowc
                0x000000000000e262       0x3a d:/mounriver/mounriver_studio/toolchain/risc-v embedded gcc/bin/../lib/gcc/riscv-none-embed/8.2.0/../../../../riscv-none-embed/lib/rv32imac/ilp32\libg_nano.a(lib_a-mbtowc_r.o)
                0x000000000000e262                __ascii_mbtowc
 .text._sungetc_r
                0x000000000000e29c       0x9a d:/mounriver/mounriver_studio/toolchain/risc-v embedded gcc/bin/../lib/gcc/riscv-none-embed/8.2.0/../../../../riscv-none-embed/lib/rv32imac/ilp32\libg_nano.a(lib_a-nano-svfscanf.o)
                0x000000000000e29c                _sungetc_r
 .text.__ssrefill_r
                0x000000000000e336       0x48 d:/mounriver/mounriver_studio/toolchain/risc-v embedded gcc/bin/../lib/gcc/riscv-none-embed/8.2.0/../../../../riscv-none-embed/lib/rv32imac/ilp32\libg_nano.a(lib_a-nano-svfscanf.o)
                0x000000000000e336                __ssrefill_r
 .text.__ssvfscanf_r
                0x000000000000e37e      0x3b6 d:/mounriver/mounriver_studio/toolchain/risc-v embedded gcc/bin/../lib/gcc/riscv-none-embed/8.2.0/../../../../riscv-none-embed/lib/rv32imac/ilp32\libg_nano.a(lib_a-nano-svfscanf.o)
                0x000000000000e37e                __ssvfiscanf_r
                0x000000000000e37e                __ssvfscanf_r
 .text._scanf_chars
                0x000000000000e734       0xec d:/mounriver/mounriver_studio/toolchain/risc-v embedded gcc/bin/../lib/gcc/riscv-none-embed/8.2.0/../../../../riscv-none-embed/lib/rv32imac/ilp32\libg_nano.a(lib_a-nano-vfscanf_i.o)
                0x000000000000e734                _scanf_chars
 .text._scanf_i
                0x000000000000e820      0x260 d:/mounriver/mounriver_studio/toolchain/risc-v embedded gcc/bin/../lib/gcc/riscv-none-embed/8.2.0/../../../../riscv-none-embed/lib/rv32imac/ilp32\libg_nano.a(lib_a-nano-vfscanf_i.o)
                0x000000000000e820                _scanf_i
 .text.__sccl   0x000000000000ea80       0x8e d:/mounriver/mounriver_studio/toolchain/risc-v embedded gcc/bin/../lib/gcc/riscv-none-embed/8.2.0/../../../../riscv-none-embed/lib/rv32imac/ilp32\libg_nano.a(lib_a-sccl.o)
                0x000000000000ea80                __sccl
 .text._strtol_l.isra.0
                0x000000000000eb0e      0x144 d:/mounriver/mounriver_studio/toolchain/risc-v embedded gcc/bin/../lib/gcc/riscv-none-embed/8.2.0/../../../../riscv-none-embed/lib/rv32imac/ilp32\libg_nano.a(lib_a-strtol.o)
 .text._strtol_r
                0x000000000000ec52       0x1a d:/mounriver/mounriver_studio/toolchain/risc-v embedded gcc/bin/../lib/gcc/riscv-none-embed/8.2.0/../../../../riscv-none-embed/lib/rv32imac/ilp32\libg_nano.a(lib_a-strtol.o)
                0x000000000000ec52                _strtol_r
 .text.__submore
                0x000000000000ec6c       0x8a d:/mounriver/mounriver_studio/toolchain/risc-v embedded gcc/bin/../lib/gcc/riscv-none-embed/8.2.0/../../../../riscv-none-embed/lib/rv32imac/ilp32\libg_nano.a(lib_a-ungetc.o)
                0x000000000000ec6c                __submore
 .text.__ascii_wctomb
                0x000000000000ecf6       0x20 d:/mounriver/mounriver_studio/toolchain/risc-v embedded gcc/bin/../lib/gcc/riscv-none-embed/8.2.0/../../../../riscv-none-embed/lib/rv32imac/ilp32\libg_nano.a(lib_a-wctomb_r.o)
                0x000000000000ecf6                __ascii_wctomb
 .text.memchr   0x000000000000ed16       0x1a d:/mounriver/mounriver_studio/toolchain/risc-v embedded gcc/bin/../lib/gcc/riscv-none-embed/8.2.0/../../../../riscv-none-embed/lib/rv32imac/ilp32\libg_nano.a(lib_a-memchr.o)
                0x000000000000ed16                memchr
 .text._realloc_r
                0x000000000000ed30       0x58 d:/mounriver/mounriver_studio/toolchain/risc-v embedded gcc/bin/../lib/gcc/riscv-none-embed/8.2.0/../../../../riscv-none-embed/lib/rv32imac/ilp32\libg_nano.a(lib_a-nano-reallocr.o)
                0x000000000000ed30                _realloc_r
 .text._malloc_usable_size_r
                0x000000000000ed88       0x14 d:/mounriver/mounriver_studio/toolchain/risc-v embedded gcc/bin/../lib/gcc/riscv-none-embed/8.2.0/../../../../riscv-none-embed/lib/rv32imac/ilp32\libg_nano.a(lib_a-nano-msizer.o)
                0x000000000000ed88                _malloc_usable_size_r
 .text.__divdi3
                0x000000000000ed9c      0x3d8 d:/mounriver/mounriver_studio/toolchain/risc-v embedded gcc/bin/../lib/gcc/riscv-none-embed/8.2.0/rv32imac/ilp32\libgcc.a(_divdi3.o)
                0x000000000000ed9c                __divdi3
 .text.__moddi3
                0x000000000000f174      0x3c4 d:/mounriver/mounriver_studio/toolchain/risc-v embedded gcc/bin/../lib/gcc/riscv-none-embed/8.2.0/rv32imac/ilp32\libgcc.a(_moddi3.o)
                0x000000000000f174                __moddi3
 .text._sbrk    0x000000000000f538       0x30 d:/mounriver/mounriver_studio/toolchain/risc-v embedded gcc/bin/../lib/gcc/riscv-none-embed/8.2.0/../../../../riscv-none-embed/lib/rv32imac/ilp32\libnosys.a(sbrk.o)
                0x000000000000f538                _sbrk
 *(.rodata)
 *(.rodata*)
 *fill*         0x000000000000f568        0x0 
 .rodata.GPIOA_ModeCfg
                0x000000000000f568       0x14 ./StdPeriphDriver/CH58x_gpio.o
 .rodata.GPIOB_ModeCfg
                0x000000000000f57c       0x14 ./StdPeriphDriver/CH58x_gpio.o
 .rodata.devInfo11073Cert
                0x000000000000f590        0xe ./Profile/devinfoservice.o
 *fill*         0x000000000000f59e        0x2 
 .rodata.devInfoFirmwareRev
                0x000000000000f5a0       0x12 ./Profile/devinfoservice.o
 *fill*         0x000000000000f5b2        0x2 
 .rodata.devInfoHardwareRev
                0x000000000000f5b4       0x12 ./Profile/devinfoservice.o
 *fill*         0x000000000000f5c6        0x2 
 .rodata.devInfoMfrName
                0x000000000000f5c8       0x12 ./Profile/devinfoservice.o
 *fill*         0x000000000000f5da        0x2 
 .rodata.devInfoModelNumber
                0x000000000000f5dc        0xd ./Profile/devinfoservice.o
 *fill*         0x000000000000f5e9        0x3 
 .rodata.devInfoSerialNumber
                0x000000000000f5ec        0xe ./Profile/devinfoservice.o
 *fill*         0x000000000000f5fa        0x2 
 .rodata.devInfoSoftwareRev
                0x000000000000f5fc       0x12 ./Profile/devinfoservice.o
 *fill*         0x000000000000f60e        0x2 
 .rodata.SimpleProfile_SetParameter
                0x000000000000f610       0x14 ./Profile/gattprofile.o
 .rodata.CH58X_BLEInit.str1.4
                0x000000000000f624       0x13 ./HAL/MCU.o
 *fill*         0x000000000000f637        0x1 
 .rodata.btn_event_callback
                0x000000000000f638       0xa4 ./APP/button.o
 .rodata.read_button_GPIO
                0x000000000000f6dc       0x14 ./APP/button.o
 .rodata.button_polling
                0x000000000000f6f0       0xa8 ./APP/button.o
 .rodata.get_HP203BAH
                0x000000000000f798       0x18 ./APP/hp203b.o
 .rodata.Lcd_Bk_Off
                0x000000000000f7b0       0x20 ./APP/lcd.o
 .rodata.Lcd_Show_Level
                0x000000000000f7d0       0x28 ./APP/lcd.o
 .rodata.Lcd_Show_Step
                0x000000000000f7f8       0x1c ./APP/lcd.o
 .rodata.Lcd_ShowRunning
                0x000000000000f814       0x28 ./APP/lcd.o
 .rodata.Lcd_ShowRunning_Fault
                0x000000000000f83c       0x50 ./APP/lcd.o
 .rodata.Lcd_ShowEngMode_FaultType
                0x000000000000f88c       0x2c ./APP/lcd.o
 .rodata.Lcd_ShowEngMode_RemoteMatch
                0x000000000000f8b8       0x18 ./APP/lcd.o
 .rodata.LcdShowCfgCtrParam_Bled_Ctl
                0x000000000000f8d0       0x24 ./APP/lcd.o
 *fill*         0x000000000000f8f4        0x4 
 .rodata.Lcd_Show_Temp.part.2.cst8
                0x000000000000f8f8       0x10 ./APP/lcd.o
 .rodata.num_data
                0x000000000000f908       0x21 ./APP/lcd.o
                0x000000000000f908                num_data
 *fill*         0x000000000000f929        0x3 
 .rodata.button_ticks
                0x000000000000f92c       0x18 ./APP/multi_button.o
 .rodata.Ble_Send_Packet
                0x000000000000f944       0x28 ./APP/peripheral.o
 .rodata.simpleProfileChangeCB
                0x000000000000f96c       0x50 ./APP/peripheral.o
 .rodata.key    0x000000000000f9bc        0x9 ./APP/peripheral.o
                0x000000000000f9bc                key
 *fill*         0x000000000000f9c5        0x3 
 .rodata.num    0x000000000000f9c8       0x10 ./APP/peripheral.o
                0x000000000000f9c8                num
 .rodata.simpleProfileChangeCB.cst8
                0x000000000000f9d8        0x8 ./APP/peripheral.o
 .rodata.SetDisSetTimeState
                0x000000000000f9d8       0x2c ./APP/running.o
 .rodata.SetDisSetTimeAdd
                0x000000000000fa04       0x2c ./APP/running.o
 .rodata.SetDisSetTimeDec
                0x000000000000fa30       0x2c ./APP/running.o
 .rodata.RunningSetTemper_Add.cst8
                0x000000000000fa5c       0x10 ./APP/running.o
 *fill*         0x000000000000fa5c        0x4 
 .rodata.log.cst8
                0x000000000000fa60       0x10 d:/mounriver/mounriver_studio/toolchain/risc-v embedded gcc/bin/../lib/gcc/riscv-none-embed/8.2.0/../../../../riscv-none-embed/lib/rv32imac/ilp32\libm.a(lib_a-w_log.o)
 .rodata.log.str1.4
                0x000000000000fa70        0x5 d:/mounriver/mounriver_studio/toolchain/risc-v embedded gcc/bin/../lib/gcc/riscv-none-embed/8.2.0/../../../../riscv-none-embed/lib/rv32imac/ilp32\libm.a(lib_a-w_log.o)
 *fill*         0x000000000000fa75        0x3 
 .rodata.__ieee754_log.cst8
                0x000000000000fa78       0x78 d:/mounriver/mounriver_studio/toolchain/risc-v embedded gcc/bin/../lib/gcc/riscv-none-embed/8.2.0/../../../../riscv-none-embed/lib/rv32imac/ilp32\libm.a(lib_a-e_log.o)
 .rodata.nan.cst8
                0x000000000000faf0        0x8 d:/mounriver/mounriver_studio/toolchain/risc-v embedded gcc/bin/../lib/gcc/riscv-none-embed/8.2.0/../../../../riscv-none-embed/lib/rv32imac/ilp32\libm.a(lib_a-s_nan.o)
 .rodata.__divdf3
                0x000000000000faf8       0x40 d:/mounriver/mounriver_studio/toolchain/risc-v embedded gcc/bin/../lib/gcc/riscv-none-embed/8.2.0/rv32imac/ilp32\libgcc.a(divdf3.o)
 .rodata.__muldf3
                0x000000000000fb38       0x40 d:/mounriver/mounriver_studio/toolchain/risc-v embedded gcc/bin/../lib/gcc/riscv-none-embed/8.2.0/rv32imac/ilp32\libgcc.a(muldf3.o)
 .rodata.__clz_tab
                0x000000000000fb78      0x100 d:/mounriver/mounriver_studio/toolchain/risc-v embedded gcc/bin/../lib/gcc/riscv-none-embed/8.2.0/rv32imac/ilp32\libgcc.a(_clz.o)
                0x000000000000fb78                __clz_tab
 .rodata.DAYS_IN_MONTH
                0x000000000000fc78       0x30 d:/mounriver/mounriver_studio/toolchain/risc-v embedded gcc/bin/../lib/gcc/riscv-none-embed/8.2.0/../../../../riscv-none-embed/lib/rv32imac/ilp32\libg_nano.a(lib_a-mktime.o)
 .rodata._DAYS_BEFORE_MONTH
                0x000000000000fca8       0x30 d:/mounriver/mounriver_studio/toolchain/risc-v embedded gcc/bin/../lib/gcc/riscv-none-embed/8.2.0/../../../../riscv-none-embed/lib/rv32imac/ilp32\libg_nano.a(lib_a-mktime.o)
 .rodata.__month_lengths
                0x000000000000fcd8       0x60 d:/mounriver/mounriver_studio/toolchain/risc-v embedded gcc/bin/../lib/gcc/riscv-none-embed/8.2.0/../../../../riscv-none-embed/lib/rv32imac/ilp32\libg_nano.a(lib_a-month_lengths.o)
                0x000000000000fcd8                __month_lengths
 .rodata._tzset_unlocked_r.str1.4
                0x000000000000fd38       0x53 d:/mounriver/mounriver_studio/toolchain/risc-v embedded gcc/bin/../lib/gcc/riscv-none-embed/8.2.0/../../../../riscv-none-embed/lib/rv32imac/ilp32\libg_nano.a(lib_a-tzset_r.o)
 .rodata.str1.4
                0x000000000000fd8b        0x4 d:/mounriver/mounriver_studio/toolchain/risc-v embedded gcc/bin/../lib/gcc/riscv-none-embed/8.2.0/../../../../riscv-none-embed/lib/rv32imac/ilp32\libg_nano.a(lib_a-tzvars.o)
 *fill*         0x000000000000fd8b        0x1 
 .rodata._setlocale_r.str1.4
                0x000000000000fd8c        0xa d:/mounriver/mounriver_studio/toolchain/risc-v embedded gcc/bin/../lib/gcc/riscv-none-embed/8.2.0/../../../../riscv-none-embed/lib/rv32imac/ilp32\libg_nano.a(lib_a-locale.o)
                                          0xd (size before relaxing)
 *fill*         0x000000000000fd96        0x2 
 .rodata.str1.4
                0x000000000000fd98        0x2 d:/mounriver/mounriver_studio/toolchain/risc-v embedded gcc/bin/../lib/gcc/riscv-none-embed/8.2.0/../../../../riscv-none-embed/lib/rv32imac/ilp32\libg_nano.a(lib_a-locale.o)
 *fill*         0x000000000000fd9a        0x2 
 .rodata.__ssvfscanf_r.str1.4
                0x000000000000fd9c        0x4 d:/mounriver/mounriver_studio/toolchain/risc-v embedded gcc/bin/../lib/gcc/riscv-none-embed/8.2.0/../../../../riscv-none-embed/lib/rv32imac/ilp32\libg_nano.a(lib_a-nano-svfscanf.o)
 .rodata._scanf_i.str1.4
                0x000000000000fda0       0x12 d:/mounriver/mounriver_studio/toolchain/risc-v embedded gcc/bin/../lib/gcc/riscv-none-embed/8.2.0/../../../../riscv-none-embed/lib/rv32imac/ilp32\libg_nano.a(lib_a-nano-vfscanf_i.o)
 *fill*         0x000000000000fdb2        0x2 
 .rodata.str1.4
                0x000000000000fdb4        0xc d:/mounriver/mounriver_studio/toolchain/risc-v embedded gcc/bin/../lib/gcc/riscv-none-embed/8.2.0/../../../../riscv-none-embed/lib/rv32imac/ilp32\libg_nano.a(lib_a-nano-vfscanf_i.o)
                                          0xb (size before relaxing)
 .rodata._ctype_
                0x000000000000fdc0      0x101 d:/mounriver/mounriver_studio/toolchain/risc-v embedded gcc/bin/../lib/gcc/riscv-none-embed/8.2.0/../../../../riscv-none-embed/lib/rv32imac/ilp32\libg_nano.a(lib_a-ctype_.o)
                0x000000000000fdc0                _ctype_
 *fill*         0x000000000000fec1        0x3 
 .rodata.__sf_fake_stderr
                0x000000000000fec4       0x20 d:/mounriver/mounriver_studio/toolchain/risc-v embedded gcc/bin/../lib/gcc/riscv-none-embed/8.2.0/../../../../riscv-none-embed/lib/rv32imac/ilp32\libg_nano.a(lib_a-findfp.o)
                0x000000000000fec4                __sf_fake_stderr
 .rodata.__sf_fake_stdin
                0x000000000000fee4       0x20 d:/mounriver/mounriver_studio/toolchain/risc-v embedded gcc/bin/../lib/gcc/riscv-none-embed/8.2.0/../../../../riscv-none-embed/lib/rv32imac/ilp32\libg_nano.a(lib_a-findfp.o)
                0x000000000000fee4                __sf_fake_stdin
 .rodata.__sf_fake_stdout
                0x000000000000ff04       0x20 d:/mounriver/mounriver_studio/toolchain/risc-v embedded gcc/bin/../lib/gcc/riscv-none-embed/8.2.0/../../../../riscv-none-embed/lib/rv32imac/ilp32\libg_nano.a(lib_a-findfp.o)
                0x000000000000ff04                __sf_fake_stdout
 *(.sdata2.*)
 .sdata2.devInfo11073CertUUID
                0x000000000000ff24        0x2 ./Profile/devinfoservice.o
                0x000000000000ff24                devInfo11073CertUUID
 *fill*         0x000000000000ff26        0x2 
 .sdata2.devInfoFirmwareRevUUID
                0x000000000000ff28        0x2 ./Profile/devinfoservice.o
                0x000000000000ff28                devInfoFirmwareRevUUID
 *fill*         0x000000000000ff2a        0x2 
 .sdata2.devInfoHardwareRevUUID
                0x000000000000ff2c        0x2 ./Profile/devinfoservice.o
                0x000000000000ff2c                devInfoHardwareRevUUID
 *fill*         0x000000000000ff2e        0x2 
 .sdata2.devInfoMfrNameUUID
                0x000000000000ff30        0x2 ./Profile/devinfoservice.o
                0x000000000000ff30                devInfoMfrNameUUID
 *fill*         0x000000000000ff32        0x2 
 .sdata2.devInfoModelNumberUUID
                0x000000000000ff34        0x2 ./Profile/devinfoservice.o
                0x000000000000ff34                devInfoModelNumberUUID
 *fill*         0x000000000000ff36        0x2 
 .sdata2.devInfoPnpIdUUID
                0x000000000000ff38        0x2 ./Profile/devinfoservice.o
                0x000000000000ff38                devInfoPnpIdUUID
 *fill*         0x000000000000ff3a        0x2 
 .sdata2.devInfoSerialNumberUUID
                0x000000000000ff3c        0x2 ./Profile/devinfoservice.o
                0x000000000000ff3c                devInfoSerialNumberUUID
 *fill*         0x000000000000ff3e        0x2 
 .sdata2.devInfoServUUID
                0x000000000000ff40        0x2 ./Profile/devinfoservice.o
                0x000000000000ff40                devInfoServUUID
 *fill*         0x000000000000ff42        0x2 
 .sdata2.devInfoService
                0x000000000000ff44        0x8 ./Profile/devinfoservice.o
 .sdata2.devInfoSoftwareRevUUID
                0x000000000000ff4c        0x2 ./Profile/devinfoservice.o
                0x000000000000ff4c                devInfoSoftwareRevUUID
 *fill*         0x000000000000ff4e        0x2 
 .sdata2.devInfoSystemIdUUID
                0x000000000000ff50        0x2 ./Profile/devinfoservice.o
                0x000000000000ff50                devInfoSystemIdUUID
 *fill*         0x000000000000ff52        0x2 
 .sdata2.simpleProfileServUUID
                0x000000000000ff54        0x2 ./Profile/gattprofile.o
                0x000000000000ff54                simpleProfileServUUID
 *fill*         0x000000000000ff56        0x2 
 .sdata2.simpleProfileService
                0x000000000000ff58        0x8 ./Profile/gattprofile.o
 .sdata2.simpleProfilechar1UUID
                0x000000000000ff60        0x2 ./Profile/gattprofile.o
                0x000000000000ff60                simpleProfilechar1UUID
 *fill*         0x000000000000ff62        0x2 
 .sdata2.simpleProfilechar2UUID
                0x000000000000ff64        0x2 ./Profile/gattprofile.o
                0x000000000000ff64                simpleProfilechar2UUID
 *fill*         0x000000000000ff66        0x2 
 .sdata2.simpleProfilechar3UUID
                0x000000000000ff68        0x2 ./Profile/gattprofile.o
                0x000000000000ff68                simpleProfilechar3UUID
 *fill*         0x000000000000ff6a        0x2 
 .sdata2.simpleProfilechar4UUID
                0x000000000000ff6c        0x2 ./Profile/gattprofile.o
                0x000000000000ff6c                simpleProfilechar4UUID
 *fill*         0x000000000000ff6e        0x2 
 .sdata2.simpleProfilechar5UUID
                0x000000000000ff70        0x2 ./Profile/gattprofile.o
                0x000000000000ff70                simpleProfilechar5UUID
 *fill*         0x000000000000ff72        0x2 
 .sdata2.Address
                0x000000000000ff74        0x4 ./APP/peripheral_main.o
                0x000000000000ff74                Address
 *(.glue_7)
 *(.glue_7t)
 *(.gnu.linkonce.t.*)
                0x000000000000ff78                . = ALIGN (0x4)

.rela.dyn       0x000000000000ff78        0x0
 .rela.init     0x000000000000ff78        0x0 ./StdPeriphDriver/CH58x_adc.o
 .rela.vector   0x000000000000ff78        0x0 ./StdPeriphDriver/CH58x_adc.o
 .rela.handle_reset
                0x000000000000ff78        0x0 ./StdPeriphDriver/CH58x_adc.o
 .rela.text._sbrk_r
                0x000000000000ff78        0x0 ./StdPeriphDriver/CH58x_adc.o
 .rela.text.__ssvfscanf_r
                0x000000000000ff78        0x0 ./StdPeriphDriver/CH58x_adc.o
 .rela.text._sbrk
                0x000000000000ff78        0x0 ./StdPeriphDriver/CH58x_adc.o

.fini           0x000000000000ff78        0x0
 *(SORT_NONE(.fini))
                0x000000000000ff78                . = ALIGN (0x4)
                [!provide]                        PROVIDE (_etext = .)
                [!provide]                        PROVIDE (_eitcm = .)

.preinit_array  0x000000000000ff78        0x0
                [!provide]                        PROVIDE (__preinit_array_start = .)
 *(.preinit_array)
                [!provide]                        PROVIDE (__preinit_array_end = .)

.init_array     0x000000000000ff78        0x0
                [!provide]                        PROVIDE (__init_array_start = .)
 *(SORT_BY_INIT_PRIORITY(.init_array.*) SORT_BY_INIT_PRIORITY(.ctors.*))
 *(.init_array EXCLUDE_FILE(*crtend?.o *crtend.o *crtbegin?.o *crtbegin.o) .ctors)
                [!provide]                        PROVIDE (__init_array_end = .)

.fini_array     0x000000000000ff78        0x0
                [!provide]                        PROVIDE (__fini_array_start = .)
 *(SORT_BY_INIT_PRIORITY(.fini_array.*) SORT_BY_INIT_PRIORITY(.dtors.*))
 *(.fini_array EXCLUDE_FILE(*crtend?.o *crtend.o *crtbegin?.o *crtbegin.o) .dtors)
                [!provide]                        PROVIDE (__fini_array_end = .)

.ctors
 *crtbegin.o(.ctors)
 *crtbegin?.o(.ctors)
 *(EXCLUDE_FILE(*crtend?.o *crtend.o) .ctors)
 *(SORT_BY_NAME(.ctors.*))
 *(.ctors)

.dtors
 *crtbegin.o(.dtors)
 *crtbegin?.o(.dtors)
 *(EXCLUDE_FILE(*crtend?.o *crtend.o) .dtors)
 *(SORT_BY_NAME(.dtors.*))
 *(.dtors)

.dlalign        0x000000000000ff78        0x0
                0x000000000000ff78                . = ALIGN (0x4)
                0x000000000000ff78                PROVIDE (_data_lma = .)

.data           0x0000000020003100      0x608 load address 0x000000000000ff78
                0x0000000020003100                . = ALIGN (0x4)
                0x0000000020003100                PROVIDE (_data_vma = .)
 *(.gnu.linkonce.r.*)
 *(.data .data.*)
 .data.devInfoAttrTbl
                0x0000000020003100      0x130 ./Profile/devinfoservice.o
 .data.devInfoCBs
                0x0000000020003230        0xc ./Profile/devinfoservice.o
                0x0000000020003230                devInfoCBs
 .data.simpleProfileAttrTbl
                0x000000002000323c      0x120 ./Profile/gattprofile.o
 .data.simpleProfileCBs
                0x000000002000335c        0xc ./Profile/gattprofile.o
                0x000000002000335c                simpleProfileCBs
 .data.simpleProfileChar1UserDesp
                0x0000000020003368       0x12 ./Profile/gattprofile.o
 *fill*         0x000000002000337a        0x2 
 .data.simpleProfileChar2UserDesp
                0x000000002000337c       0x12 ./Profile/gattprofile.o
 *fill*         0x000000002000338e        0x2 
 .data.simpleProfileChar3UserDesp
                0x0000000020003390       0x12 ./Profile/gattprofile.o
 *fill*         0x00000000200033a2        0x2 
 .data.simpleProfileChar4UserDesp
                0x00000000200033a4       0x12 ./Profile/gattprofile.o
 *fill*         0x00000000200033b6        0x2 
 .data.simpleProfileChar5UserDesp
                0x00000000200033b8       0x12 ./Profile/gattprofile.o
 *fill*         0x00000000200033ca        0x2 
 .data.Peripheral_PeripheralCBs
                0x00000000200033cc        0xc ./APP/peripheral.o
 .data.attDeviceName
                0x00000000200033d8       0x15 ./APP/peripheral.o
                0x00000000200033d8                attDeviceName
 *fill*         0x00000000200033ed        0x3 
 .data.scanRspData
                0x00000000200033f0       0x1b ./APP/peripheral.o
 *fill*         0x000000002000340b        0x1 
 .data.impure_data
                0x000000002000340c       0x60 d:/mounriver/mounriver_studio/toolchain/risc-v embedded gcc/bin/../lib/gcc/riscv-none-embed/8.2.0/../../../../riscv-none-embed/lib/rv32imac/ilp32\libg_nano.a(lib_a-impure.o)
 *fill*         0x000000002000346c        0x4 
 .data.tzinfo   0x0000000020003470       0x58 d:/mounriver/mounriver_studio/toolchain/risc-v embedded gcc/bin/../lib/gcc/riscv-none-embed/8.2.0/../../../../riscv-none-embed/lib/rv32imac/ilp32\libg_nano.a(lib_a-gettzinfo.o)
 .data.__global_locale
                0x00000000200034c8      0x16c d:/mounriver/mounriver_studio/toolchain/risc-v embedded gcc/bin/../lib/gcc/riscv-none-embed/8.2.0/../../../../riscv-none-embed/lib/rv32imac/ilp32\libg_nano.a(lib_a-locale.o)
                0x00000000200034c8                __global_locale
 *(.gnu.linkonce.d.*)
                0x0000000020003638                . = ALIGN (0x8)
 *fill*         0x0000000020003634        0x4 
 *(.sdata .sdata.*)
 .sdata.devInfo11073CertProps
                0x0000000020003638        0x1 ./Profile/devinfoservice.o
 .sdata.devInfoFirmwareRevProps
                0x0000000020003639        0x1 ./Profile/devinfoservice.o
 .sdata.devInfoHardwareRevProps
                0x000000002000363a        0x1 ./Profile/devinfoservice.o
 .sdata.devInfoMfrNameProps
                0x000000002000363b        0x1 ./Profile/devinfoservice.o
 .sdata.devInfoModelNumberProps
                0x000000002000363c        0x1 ./Profile/devinfoservice.o
 *fill*         0x000000002000363d        0x3 
 .sdata.devInfoPnpId
                0x0000000020003640        0x7 ./Profile/devinfoservice.o
 .sdata.devInfoPnpIdProps
                0x0000000020003647        0x1 ./Profile/devinfoservice.o
 .sdata.devInfoSerialNumberProps
                0x0000000020003648        0x1 ./Profile/devinfoservice.o
 .sdata.devInfoSoftwareRevProps
                0x0000000020003649        0x1 ./Profile/devinfoservice.o
 .sdata.devInfoSystemIdProps
                0x000000002000364a        0x1 ./Profile/devinfoservice.o
 .sdata.simpleProfileChar1Props
                0x000000002000364b        0x1 ./Profile/gattprofile.o
 .sdata.simpleProfileChar2Props
                0x000000002000364c        0x1 ./Profile/gattprofile.o
 .sdata.simpleProfileChar3Props
                0x000000002000364d        0x1 ./Profile/gattprofile.o
 .sdata.simpleProfileChar4Props
                0x000000002000364e        0x1 ./Profile/gattprofile.o
 .sdata.simpleProfileChar5Props
                0x000000002000364f        0x1 ./Profile/gattprofile.o
 .sdata.ykq_key
                0x0000000020003650        0x4 ./HAL/cmt2220ls.o
                0x0000000020003650                ykq_key
 .sdata.btnAdd_id
                0x0000000020003654        0x1 ./APP/button.o
                0x0000000020003654                btnAdd_id
 .sdata.btnDec_id
                0x0000000020003655        0x1 ./APP/button.o
                0x0000000020003655                btnDec_id
 .sdata.btnEng_id
                0x0000000020003656        0x1 ./APP/button.o
                0x0000000020003656                btnEng_id
 .sdata.btnMenu_id
                0x0000000020003657        0x1 ./APP/button.o
                0x0000000020003657                btnMenu_id
 .sdata.user_cmd_osr
                0x0000000020003658        0x1 ./APP/hp203b.o
                0x0000000020003658                user_cmd_osr
 *fill*         0x0000000020003659        0x1 
 .sdata.cnt.5705
                0x000000002000365a        0x2 ./APP/lcd.o
 .sdata.level.5446
                0x000000002000365c        0x1 ./APP/lcd.o
 *fill*         0x000000002000365d        0x3 
 .sdata.Peripheral_SimpleProfileCBs
                0x0000000020003660        0x4 ./APP/peripheral.o
 .sdata.Peripheral_TaskID
                0x0000000020003664        0x1 ./APP/peripheral.o
 *fill*         0x0000000020003665        0x3 
 .sdata.advertData
                0x0000000020003668        0x7 ./APP/peripheral.o
 .sdata.ble_advertising_enable
                0x000000002000366f        0x1 ./APP/peripheral.o
                0x000000002000366f                ble_advertising_enable
 .sdata.peripheralMTU
                0x0000000020003670        0x1 ./APP/peripheral.o
 *fill*         0x0000000020003671        0x3 
 .sdata.__fdlib_version
                0x0000000020003674        0x4 d:/mounriver/mounriver_studio/toolchain/risc-v embedded gcc/bin/../lib/gcc/riscv-none-embed/8.2.0/../../../../riscv-none-embed/lib/rv32imac/ilp32\libm.a(lib_a-s_lib_ver.o)
                0x0000000020003674                __fdlib_version
 .sdata._impure_ptr
                0x0000000020003678        0x4 d:/mounriver/mounriver_studio/toolchain/risc-v embedded gcc/bin/../lib/gcc/riscv-none-embed/8.2.0/../../../../riscv-none-embed/lib/rv32imac/ilp32\libg_nano.a(lib_a-impure.o)
                0x0000000020003678                _impure_ptr
 .sdata._tzname
                0x000000002000367c        0x8 d:/mounriver/mounriver_studio/toolchain/risc-v embedded gcc/bin/../lib/gcc/riscv-none-embed/8.2.0/../../../../riscv-none-embed/lib/rv32imac/ilp32\libg_nano.a(lib_a-tzvars.o)
                0x000000002000367c                _tzname
 .sdata.environ
                0x0000000020003684        0x4 d:/mounriver/mounriver_studio/toolchain/risc-v embedded gcc/bin/../lib/gcc/riscv-none-embed/8.2.0/../../../../riscv-none-embed/lib/rv32imac/ilp32\libg_nano.a(lib_a-environ.o)
                0x0000000020003684                environ
 *(.gnu.linkonce.s.*)
                0x0000000020003688                . = ALIGN (0x8)
 *(.srodata.cst16)
 *(.srodata.cst8)
 .srodata.cst8  0x0000000020003688       0x78 ./HAL/temp.o
 *(.srodata.cst4)
 *(.srodata.cst2)
 *(.srodata .srodata.*)
 .srodata       0x0000000020003700        0x5 ./APP/peripheral.o
                0x0000000020003708                . = ALIGN (0x4)
 *fill*         0x0000000020003705        0x3 
                0x0000000020003708                PROVIDE (_edata = .)

.bss            0x0000000020003708     0x2590 load address 0x0000000000010580
                0x0000000020003708                . = ALIGN (0x4)
                0x0000000020003708                PROVIDE (_sbss = .)
 *(.sbss*)
 .sbss.IRQ_STA  0x0000000020003708        0x4 ./StdPeriphDriver/CH58x_sys.o
                0x0000000020003708                IRQ_STA
 .sbss.devInfoSystemId
                0x000000002000370c        0x8 ./Profile/devinfoservice.o
 .sbss.simpleProfileChar1Config
                0x0000000020003714        0x4 ./Profile/gattprofile.o
 .sbss.simpleProfileChar2
                0x0000000020003718        0x1 ./Profile/gattprofile.o
 *fill*         0x0000000020003719        0x3 
 .sbss.simpleProfileChar3
                0x000000002000371c        0x4 ./Profile/gattprofile.o
 .sbss.simpleProfileChar4Config
                0x0000000020003720        0x4 ./Profile/gattprofile.o
 .sbss.simpleProfileChar5
                0x0000000020003724        0x5 ./Profile/gattprofile.o
 *fill*         0x0000000020003729        0x3 
 .sbss.simpleProfile_AppCBs
                0x000000002000372c        0x4 ./Profile/gattprofile.o
 .sbss.halTaskID
                0x0000000020003730        0x1 ./HAL/MCU.o
                0x0000000020003730                halTaskID
 *fill*         0x0000000020003731        0x3 
 .sbss.time_last.5438
                0x0000000020003734        0x4 ./HAL/MCU.o
 .sbss.ykq_last.5437
                0x0000000020003738        0x4 ./HAL/MCU.o
 .sbss.RTCTigFlag
                0x000000002000373c        0x4 ./HAL/RTC.o
                0x000000002000373c                RTCTigFlag
 .sbss.getdata  0x0000000020003740        0x2 ./HAL/cmt2220ls.o
                0x0000000020003740                getdata
 .sbss.gpio_sta
                0x0000000020003742        0x2 ./HAL/cmt2220ls.o
                0x0000000020003742                gpio_sta
 .sbss.rfGetOk  0x0000000020003744        0x1 ./HAL/cmt2220ls.o
                0x0000000020003744                rfGetOk
 .sbss.rx_index
                0x0000000020003745        0x1 ./HAL/cmt2220ls.o
                0x0000000020003745                rx_index
 .sbss.t_high   0x0000000020003746        0x2 ./HAL/cmt2220ls.o
                0x0000000020003746                t_high
 .sbss.t_low    0x0000000020003748        0x2 ./HAL/cmt2220ls.o
                0x0000000020003748                t_low
 *fill*         0x000000002000374a        0x2 
 .sbss.ykq_key_last
                0x000000002000374c        0x4 ./HAL/cmt2220ls.o
                0x000000002000374c                ykq_key_last
 .sbss.t.5390   0x0000000020003750        0x8 ./HAL/temp.o
 .sbss.t_cnt.5389
                0x0000000020003758        0x1 ./HAL/temp.o
 .sbss.buf_size
                0x0000000020003759        0x1 ./HAL/uart1.o
                0x0000000020003759                buf_size
 .sbss.by_flage
                0x000000002000375a        0x1 ./HAL/uart1.o
                0x000000002000375a                by_flage
 .sbss.btnPower_id
                0x000000002000375b        0x1 ./APP/button.o
                0x000000002000375b                btnPower_id
 .sbss.cnt.6116
                0x000000002000375c        0x1 ./APP/button.o
 .sbss.set      0x000000002000375d        0x1 ./APP/button.o
 .sbss.cnt.5458
                0x000000002000375e        0x1 ./APP/hp203b.o
 .sbss.state.5509
                0x000000002000375f        0x1 ./APP/hp203b.o
 .sbss.blink_state.5418
                0x0000000020003760        0x1 ./APP/lcd.o
 .sbss.cnt.5462
                0x0000000020003761        0x1 ./APP/lcd.o
 .sbss.cnt.5540
                0x0000000020003762        0x1 ./APP/lcd.o
 .sbss.cnt.5594
                0x0000000020003763        0x1 ./APP/lcd.o
 .sbss.cnt.5634
                0x0000000020003764        0x1 ./APP/lcd.o
 .sbss.delayoff.5581
                0x0000000020003765        0x1 ./APP/lcd.o
 .sbss.discnt.5544
                0x0000000020003766        0x1 ./APP/lcd.o
 *fill*         0x0000000020003767        0x1 
 .sbss.last_temp.5419
                0x0000000020003768        0x2 ./APP/lcd.o
 .sbss.last_temp.5491
                0x000000002000376a        0x1 ./APP/lcd.o
 .sbss.level.5442
                0x000000002000376b        0x1 ./APP/lcd.o
 .sbss.head_handle
                0x000000002000376c        0x4 ./APP/multi_button.o
 .sbss.Broadcaster_BroadcasterCBs
                0x0000000020003770        0x8 ./APP/peripheral.o
 .sbss.ble_passkey